"../../../Engine/Plugins/2D/Paper2D/Content/PlaceholderTextures/DummySpriteTexture.ubulk" 0
"../../../Engine/Plugins/2D/Paper2D/Content/PlaceholderTextures/DummySpriteTexture.uasset" 1
"../../../Engine/Plugins/2D/Paper2D/Content/PlaceholderTextures/DummySpriteTexture.uexp" 2
"../../../Engine/Plugins/2D/Paper2D/Content/DummySprite.uasset" 3
"../../../Engine/Plugins/2D/Paper2D/Content/DummySprite.uexp" 4
"../../../Engine/Plugins/2D/Paper2D/Content/DefaultPaperTerrainMaterial.uasset" 5
"../../../Engine/Plugins/2D/Paper2D/Content/DefaultPaperTerrainMaterial.uexp" 6
"../../../Engine/Plugins/Animation/ACLPlugin/Content/ACLAnimBoneCompressionSettings.uasset" 7
"../../../Engine/Plugins/Animation/ACLPlugin/Content/ACLAnimBoneCompressionSettings.uexp" 8
"../../../Engine/Content/EngineFonts/Faces/DroidSansFallback.uexp" 9
"../../../Engine/Content/EngineFonts/Faces/DroidSansFallback.uasset" 10
"../../../Engine/Content/EngineFonts/Faces/DroidSansFallback.ufont" 11
"../../../Engine/Content/EngineFonts/Faces/RobotoBold.uexp" 12
"../../../Engine/Content/EngineFonts/Faces/RobotoBold.uasset" 13
"../../../Engine/Content/EngineFonts/Faces/RobotoBold.ufont" 14
"../../../Engine/Content/EngineFonts/Faces/RobotoBoldItalic.uexp" 15
"../../../Engine/Content/EngineFonts/Faces/RobotoBoldItalic.uasset" 16
"../../../Engine/Content/EngineFonts/Faces/RobotoBoldItalic.ufont" 17
"../../../Engine/Content/EngineFonts/Faces/RobotoItalic.uexp" 18
"../../../Engine/Content/EngineFonts/Faces/RobotoItalic.uasset" 19
"../../../Engine/Content/EngineFonts/Faces/RobotoItalic.ufont" 20
"../../../Engine/Content/EngineFonts/Faces/RobotoLight.uexp" 21
"../../../Engine/Content/EngineFonts/Faces/RobotoLight.uasset" 22
"../../../Engine/Content/EngineFonts/Faces/RobotoLight.ufont" 23
"../../../Engine/Content/EngineFonts/Faces/RobotoRegular.uexp" 24
"../../../Engine/Content/EngineFonts/Faces/RobotoRegular.uasset" 25
"../../../Engine/Content/EngineFonts/Faces/RobotoRegular.ufont" 26
"../../../Engine/Content/EngineFonts/Roboto.uasset" 27
"../../../Engine/Content/EngineFonts/Roboto.uexp" 28
"../../../Engine/Content/EngineMaterials/DefaultDestructiblePhysicalMaterial.uasset" 29
"../../../Engine/Content/EngineMaterials/DefaultDestructiblePhysicalMaterial.uexp" 30
"../../../Engine/Content/EngineMaterials/DefaultPhysicalMaterial.uasset" 31
"../../../Engine/Content/EngineMaterials/DefaultPhysicalMaterial.uexp" 32
"../../../Engine/Content/EngineSounds/Master.uasset" 33
"../../../Engine/Content/EngineSounds/Master.uexp" 34
"../../../Engine/Plugins/Interchange/Runtime/Content/Pipelines/DefaultAssetsPipeline.uasset" 35
"../../../Engine/Plugins/Interchange/Runtime/Content/Pipelines/DefaultAssetsPipeline.uexp" 36
"../../../Engine/Plugins/Interchange/Runtime/Content/Pipelines/DefaultAudioPipeline.uasset" 37
"../../../Engine/Plugins/Interchange/Runtime/Content/Pipelines/DefaultAudioPipeline.uexp" 38
"../../../Engine/Plugins/Interchange/Runtime/Content/Pipelines/DefaultGLTFAssetsPipeline.uasset" 39
"../../../Engine/Plugins/Interchange/Runtime/Content/Pipelines/DefaultGLTFAssetsPipeline.uexp" 40
"../../../Engine/Plugins/Interchange/Runtime/Content/Pipelines/DefaultGLTFPipeline.uasset" 41
"../../../Engine/Plugins/Interchange/Runtime/Content/Pipelines/DefaultGLTFPipeline.uexp" 42
"../../../Engine/Plugins/Interchange/Runtime/Content/Pipelines/DefaultGLTFSceneAssetsPipeline.uasset" 43
"../../../Engine/Plugins/Interchange/Runtime/Content/Pipelines/DefaultGLTFSceneAssetsPipeline.uexp" 44
"../../../Engine/Plugins/Interchange/Runtime/Content/Pipelines/DefaultMaterialPipeline.uasset" 45
"../../../Engine/Plugins/Interchange/Runtime/Content/Pipelines/DefaultMaterialPipeline.uexp" 46
"../../../Engine/Plugins/Interchange/Runtime/Content/Pipelines/DefaultMaterialXPipeline.uasset" 47
"../../../Engine/Plugins/Interchange/Runtime/Content/Pipelines/DefaultMaterialXPipeline.uexp" 48
"../../../Engine/Plugins/Interchange/Runtime/Content/Pipelines/DefaultSceneAssetsPipeline.uasset" 49
"../../../Engine/Plugins/Interchange/Runtime/Content/Pipelines/DefaultSceneAssetsPipeline.uexp" 50
"../../../Engine/Plugins/Interchange/Runtime/Content/Pipelines/DefaultSceneLevelPipeline.uasset" 51
"../../../Engine/Plugins/Interchange/Runtime/Content/Pipelines/DefaultSceneLevelPipeline.uexp" 52
"../../../Engine/Plugins/Interchange/Runtime/Content/Pipelines/DefaultTexturePipeline.uasset" 53
"../../../Engine/Plugins/Interchange/Runtime/Content/Pipelines/DefaultTexturePipeline.uexp" 54
"../../../Engine/Content/Functions/Engine_MaterialFunctions01/Opacity/CameraDepthFade.uasset" 55
"../../../Engine/Content/Functions/Engine_MaterialFunctions01/Opacity/CameraDepthFade.uexp" 56
"../../../Engine/Content/EngineMaterials/T_Default_Material_Grid_M.ubulk" 57
"../../../Engine/Content/EngineMaterials/T_Default_Material_Grid_M.uasset" 58
"../../../Engine/Content/EngineMaterials/T_Default_Material_Grid_M.uexp" 59
"../../../Engine/Content/EngineMaterials/T_Default_Material_Grid_N.ubulk" 60
"../../../Engine/Content/EngineMaterials/T_Default_Material_Grid_N.uasset" 61
"../../../Engine/Content/EngineMaterials/T_Default_Material_Grid_N.uexp" 62
"../../../Engine/Content/EngineMaterials/WorldGridMaterial.uasset" 63
"../../../Engine/Content/EngineMaterials/WorldGridMaterial.uexp" 64
"../../../Engine/Plugins/Media/MediaPlate/Content/SM_MediaPlateScreen.ubulk" 65
"../../../Engine/Plugins/Media/MediaPlate/Content/SM_MediaPlateScreen.uasset" 66
"../../../Engine/Plugins/Media/MediaPlate/Content/SM_MediaPlateScreen.uexp" 67
"../../../Engine/Plugins/NNE/NNEDenoiser/Content/NNEDIM_ColorAlbedoNormal_Alpha.uasset" 68
"../../../Engine/Plugins/NNE/NNEDenoiser/Content/NNEDIM_ColorAlbedoNormal_Alpha.uexp" 69
"../../../Engine/Plugins/NNE/NNEDenoiser/Content/NNEDIM_ColorAlbedoNormal_Default.uasset" 70
"../../../Engine/Plugins/NNE/NNEDenoiser/Content/NNEDIM_ColorAlbedoNormal_Default.uexp" 71
"../../../Engine/Plugins/NNE/NNEDenoiser/Content/NNEDIM_HighQuality_Alpha.uasset" 72
"../../../Engine/Plugins/NNE/NNEDenoiser/Content/NNEDIM_HighQuality_Alpha.uexp" 73
"../../../Engine/Plugins/NNE/NNEDenoiser/Content/NNEDIM_HighQuality_Default.uasset" 74
"../../../Engine/Plugins/NNE/NNEDenoiser/Content/NNEDIM_HighQuality_Default.uexp" 75
"../../../Engine/Plugins/NNE/NNEDenoiser/Content/NNEDOM_Output_Alpha.uasset" 76
"../../../Engine/Plugins/NNE/NNEDenoiser/Content/NNEDOM_Output_Alpha.uexp" 77
"../../../Engine/Content/EngineDamageTypes/DmgTypeBP_Environmental.uasset" 78
"../../../Engine/Content/EngineDamageTypes/DmgTypeBP_Environmental.uexp" 79
"../../../Engine/Plugins/NNE/NNEDenoiser/Content/NNEDOM_Output_Default.uasset" 80
"../../../Engine/Plugins/NNE/NNEDenoiser/Content/NNEDOM_Output_Default.uexp" 81
"../../../Engine/Plugins/NNE/NNEDenoiser/Content/NNEDTIM_ColorAlbedoNormal_Alpha.uasset" 82
"../../../Engine/Plugins/NNE/NNEDenoiser/Content/NNEDTIM_ColorAlbedoNormal_Alpha.uexp" 83
"../../../Engine/Plugins/NNE/NNEDenoiser/Content/NNEDTIM_ColorAlbedoNormal_Default.uasset" 84
"../../../Engine/Plugins/NNE/NNEDenoiser/Content/NNEDTIM_ColorAlbedoNormal_Default.uexp" 85
"../../../Engine/Plugins/NNE/NNEDenoiser/Content/NNEDTOM_Output_Alpha.uasset" 86
"../../../Engine/Plugins/NNE/NNEDenoiser/Content/NNEDTOM_Output_Alpha.uexp" 87
"../../../Engine/Plugins/NNE/NNEDenoiser/Content/NNEDTOM_Output_Default.uasset" 88
"../../../Engine/Plugins/NNE/NNEDenoiser/Content/NNEDTOM_Output_Default.uexp" 89
"../../../Engine/Plugins/NNE/NNEDenoiser/Content/NNEDT_Oidn2-3_Balanced.uasset" 90
"../../../Engine/Plugins/NNE/NNEDenoiser/Content/NNEDT_Oidn2-3_Balanced.uexp" 91
"../../../Engine/Plugins/NNE/NNEDenoiser/Content/NNEDT_Oidn2-3_Balanced_Alpha.uasset" 92
"../../../Engine/Plugins/NNE/NNEDenoiser/Content/NNEDT_Oidn2-3_Balanced_Alpha.uexp" 93
"../../../Engine/Plugins/NNE/NNEDenoiser/Content/NNED_Oidn2-3_Balanced.uasset" 94
"../../../Engine/Plugins/NNE/NNEDenoiser/Content/NNED_Oidn2-3_Balanced.uexp" 95
"../../../Engine/Plugins/NNE/NNEDenoiser/Content/NNED_Oidn2-3_Balanced_Alpha.uasset" 96
"../../../Engine/Plugins/NNE/NNEDenoiser/Content/NNED_Oidn2-3_Balanced_Alpha.uexp" 97
"../../../Engine/Plugins/NNE/NNEDenoiser/Content/NNED_Oidn2-3_Fast.uasset" 98
"../../../Engine/Plugins/NNE/NNEDenoiser/Content/NNED_Oidn2-3_Fast.uexp" 99
"../../../Engine/Plugins/NNE/NNEDenoiser/Content/NNED_Oidn2-3_Fast_Alpha.uasset" 100
"../../../Engine/Plugins/NNE/NNEDenoiser/Content/NNED_Oidn2-3_Fast_Alpha.uexp" 101
"../../../Engine/Plugins/NNE/NNEDenoiser/Content/NNED_Oidn2-3_HighQuality.uasset" 102
"../../../Engine/Plugins/NNE/NNEDenoiser/Content/NNED_Oidn2-3_HighQuality.uexp" 103
"../../../Engine/Plugins/NNE/NNEDenoiser/Content/NNED_Oidn2-3_HighQuality_Alpha.uasset" 104
"../../../Engine/Plugins/NNE/NNEDenoiser/Content/NNED_Oidn2-3_HighQuality_Alpha.uexp" 105
"../../../Engine/Plugins/NNE/NNEDenoiser/Content/NNE_oidn2-3-0_rt_hdr_alb_nrm_small__dyn__fp16_opset11_DenoiseAlpha.uasset" 106
"../../../Engine/Plugins/NNE/NNEDenoiser/Content/NNE_oidn2-3-0_rt_hdr_alb_nrm_small__dyn__fp16_opset11_DenoiseAlpha.uexp" 107
"../../../Engine/Plugins/NNE/NNEDenoiser/Content/NNE_oidn2-3-0_rt_hdr_alb_nrm_small__dyn__fp16_opset11_ForwardAlpha.uasset" 108
"../../../Engine/Plugins/NNE/NNEDenoiser/Content/NNE_oidn2-3-0_rt_hdr_alb_nrm_small__dyn__fp16_opset11_ForwardAlpha.uexp" 109
"../../../Engine/Plugins/NNE/NNEDenoiser/Content/NNE_oidn2-3-0_rt_hdr_alb_nrm__dyn__fp16_opset11_DenoiseAlpha.uasset" 110
"../../../Engine/Plugins/NNE/NNEDenoiser/Content/NNE_oidn2-3-0_rt_hdr_alb_nrm__dyn__fp16_opset11_DenoiseAlpha.uexp" 111
"../../../Engine/Plugins/NNE/NNEDenoiser/Content/NNE_oidn2-3-0_rt_hdr_alb_nrm__dyn__fp16_opset11_ForwardAlpha.uasset" 112
"../../../Engine/Plugins/NNE/NNEDenoiser/Content/NNE_oidn2-3-0_rt_hdr_alb_nrm__dyn__fp16_opset11_ForwardAlpha.uexp" 113
"../../../Engine/Plugins/NNE/NNEDenoiser/Content/NNE_oidn2-3-0_rt_hdr_calb_cnrm_large__dyn__fp16_opset11_DenoiseAlpha.uasset" 114
"../../../Engine/Plugins/NNE/NNEDenoiser/Content/NNE_oidn2-3-0_rt_hdr_calb_cnrm_large__dyn__fp16_opset11_DenoiseAlpha.uexp" 115
"../../../Engine/Plugins/NNE/NNEDenoiser/Content/NNE_oidn2-3-0_rt_hdr_calb_cnrm_large__dyn__fp16_opset11_ForwardAlpha.uasset" 116
"../../../Engine/Plugins/NNE/NNEDenoiser/Content/NNE_oidn2-3-0_rt_hdr_calb_cnrm_large__dyn__fp16_opset11_ForwardAlpha.uexp" 117
"../../../Engine/Content/EngineMaterials/RemoveSurfaceMaterial.uasset" 118
"../../../Engine/Content/EngineMaterials/RemoveSurfaceMaterial.uexp" 119
"../../../Engine/Content/EngineDebugMaterials/DebugEditorMaterial.uasset" 120
"../../../Engine/Content/EngineDebugMaterials/DebugEditorMaterial.uexp" 121
"../../../Engine/Content/EngineDebugMaterials/DebugMeshMaterial.uasset" 122
"../../../Engine/Content/EngineDebugMaterials/DebugMeshMaterial.uexp" 123
"../../../Engine/Content/EngineMaterials/SMAAAreaTex.uasset" 124
"../../../Engine/Content/EngineMaterials/SMAAAreaTex.uexp" 125
"../../../Engine/Content/EngineMaterials/SMAASearchTex.uasset" 126
"../../../Engine/Content/EngineMaterials/SMAASearchTex.uexp" 127
"../../../Engine/Content/BasicShapes/BasicShapeMaterial.uasset" 128
"../../../Engine/Content/BasicShapes/BasicShapeMaterial.uexp" 129
"../../../Engine/Content/EngineMaterials/DefaultMaterial.uasset" 130
"../../../Engine/Content/EngineMaterials/DefaultMaterial.uexp" 131
"../../../Engine/Content/BasicShapes/Cone.ubulk" 132
"../../../Engine/Content/BasicShapes/Cone.uasset" 133
"../../../Engine/Content/BasicShapes/Cone.uexp" 134
"../../../Engine/Content/BasicShapes/Cube.ubulk" 135
"../../../Engine/Content/BasicShapes/Cube.uasset" 136
"../../../Engine/Content/BasicShapes/Cube.uexp" 137
"../../../Engine/Content/BasicShapes/Cylinder.ubulk" 138
"../../../Engine/Content/BasicShapes/Cylinder.uasset" 139
"../../../Engine/Content/BasicShapes/Cylinder.uexp" 140
"../../../Engine/Content/EngineDebugMaterials/M_SimpleUnlitTranslucent.uasset" 141
"../../../Engine/Content/EngineDebugMaterials/M_SimpleUnlitTranslucent.uexp" 142
"../../../Engine/Content/Functions/Engine_MaterialFunctions02/Utility/CameraDirectionVector.uasset" 143
"../../../Engine/Content/Functions/Engine_MaterialFunctions02/Utility/CameraDirectionVector.uexp" 144
"../../../Engine/Content/EngineDebugMaterials/VolumeToRender.uasset" 145
"../../../Engine/Content/EngineDebugMaterials/VolumeToRender.uexp" 146
"../../../Engine/Content/EngineDebugMaterials/M_VolumeRenderSphereTracePP.uasset" 147
"../../../Engine/Content/EngineDebugMaterials/M_VolumeRenderSphereTracePP.uexp" 148
"../../../Engine/Content/EditorMaterials/PhAT_NoCollisionMaterial.uasset" 149
"../../../Engine/Content/EditorMaterials/PhAT_NoCollisionMaterial.uexp" 150
"../../../Engine/Content/BasicShapes/Plane.ubulk" 151
"../../../Engine/Content/BasicShapes/Plane.uasset" 152
"../../../Engine/Content/BasicShapes/Plane.uexp" 153
"../../../Engine/Content/EditorMaterials/PhAT_UnselectedMaterial.uasset" 154
"../../../Engine/Content/EditorMaterials/PhAT_UnselectedMaterial.uexp" 155
"../../../Engine/Content/Functions/Engine_MaterialFunctions02/Utility/BreakOutFloat3Components.uasset" 156
"../../../Engine/Content/Functions/Engine_MaterialFunctions02/Utility/BreakOutFloat3Components.uexp" 157
"../../../Engine/Content/Functions/Engine_MaterialFunctions02/Math/Transform3x3Matrix.uasset" 158
"../../../Engine/Content/Functions/Engine_MaterialFunctions02/Math/Transform3x3Matrix.uexp" 159
"../../../Engine/Content/Functions/Engine_MaterialFunctions02/Utility/MakeFloat3.uasset" 160
"../../../Engine/Content/Functions/Engine_MaterialFunctions02/Utility/MakeFloat3.uexp" 161
"../../../Engine/Content/Functions/Engine_MaterialFunctions02/SplitComponents.uasset" 162
"../../../Engine/Content/Functions/Engine_MaterialFunctions02/SplitComponents.uexp" 163
"../../../Engine/Content/VREditor/SnapGrid/SnapGridMaterial.uasset" 164
"../../../Engine/Content/VREditor/SnapGrid/SnapGridMaterial.uexp" 165
"../../../Engine/Content/VREditor/SnapGrid/SnapGridPlaneMesh.ubulk" 166
"../../../Engine/Content/VREditor/SnapGrid/SnapGridPlaneMesh.uasset" 167
"../../../Engine/Content/VREditor/SnapGrid/SnapGridPlaneMesh.uexp" 168
"../../../Engine/Content/VREditor/LaserPointer/VR_LaserPower_01.ubulk" 169
"../../../Engine/Content/VREditor/LaserPointer/VR_LaserPower_01.uasset" 170
"../../../Engine/Content/VREditor/LaserPointer/VR_LaserPower_01.uexp" 171
"../../../Engine/Content/VREditor/TransformGizmo/TransformGizmoMaterial.uasset" 172
"../../../Engine/Content/VREditor/TransformGizmo/TransformGizmoMaterial.uexp" 173
"../../../Engine/Content/VREditor/TransformGizmo/TranslucentTransformGizmoMaterial.uasset" 174
"../../../Engine/Content/VREditor/TransformGizmo/TranslucentTransformGizmoMaterial.uexp" 175
"../../../Engine/Content/VREditor/TransformGizmo/PlaneTranslationHandle.ubulk" 176
"../../../Engine/Content/VREditor/TransformGizmo/PlaneTranslationHandle.uasset" 177
"../../../Engine/Content/VREditor/TransformGizmo/PlaneTranslationHandle.uexp" 178
"../../../Engine/Content/VREditor/TransformGizmo/RotationHandleFull.ubulk" 179
"../../../Engine/Content/VREditor/TransformGizmo/RotationHandleFull.uasset" 180
"../../../Engine/Content/VREditor/TransformGizmo/RotationHandleFull.uexp" 181
"../../../Engine/Content/VREditor/TransformGizmo/RotationHandleIndicator.ubulk" 182
"../../../Engine/Content/VREditor/TransformGizmo/RotationHandleIndicator.uasset" 183
"../../../Engine/Content/VREditor/TransformGizmo/RotationHandleIndicator.uexp" 184
"../../../Engine/Content/VREditor/TransformGizmo/RotationHandleQuarter.ubulk" 185
"../../../Engine/Content/VREditor/TransformGizmo/RotationHandleQuarter.uasset" 186
"../../../Engine/Content/VREditor/TransformGizmo/RotationHandleQuarter.uexp" 187
"../../../Engine/Content/VREditor/TransformGizmo/StartRotationHandleIndicator.ubulk" 188
"../../../Engine/Content/VREditor/TransformGizmo/StartRotationHandleIndicator.uasset" 189
"../../../Engine/Content/VREditor/TransformGizmo/StartRotationHandleIndicator.uexp" 190
"../../../Engine/Content/VREditor/TransformGizmo/TranslucentTransformGizmoMaterial_Inst.uasset" 191
"../../../Engine/Content/VREditor/TransformGizmo/TranslucentTransformGizmoMaterial_Inst.uexp" 192
"../../../Engine/Content/VREditor/TransformGizmo/TransformGizmoFreeRotation.ubulk" 193
"../../../Engine/Content/VREditor/TransformGizmo/TransformGizmoFreeRotation.uasset" 194
"../../../Engine/Content/VREditor/TransformGizmo/TransformGizmoFreeRotation.uexp" 195
"../../../Engine/Content/VREditor/TransformGizmo/TransformGizmoMaterial_Inst.uasset" 196
"../../../Engine/Content/VREditor/TransformGizmo/TransformGizmoMaterial_Inst.uexp" 197
"../../../Engine/Content/VREditor/TransformGizmo/TranslateArrowHandle.ubulk" 198
"../../../Engine/Content/VREditor/TransformGizmo/TranslateArrowHandle.uasset" 199
"../../../Engine/Content/VREditor/TransformGizmo/TranslateArrowHandle.uexp" 200
"../../../Engine/Content/VREditor/TransformGizmo/UniformScaleHandle.ubulk" 201
"../../../Engine/Content/VREditor/TransformGizmo/UniformScaleHandle.uasset" 202
"../../../Engine/Content/VREditor/TransformGizmo/UniformScaleHandle.uexp" 203
"../../../Engine/Content/VREditor/Sounds/UI/Drop_Item_From_ContentBrowser.ubulk" 204
"../../../Engine/Content/VREditor/Sounds/UI/Drop_Item_From_ContentBrowser.uasset" 205
"../../../Engine/Content/VREditor/Sounds/UI/Drop_Item_From_ContentBrowser.uexp" 206
"../../../Engine/Content/VREditor/Sounds/UI/Gizmo_Handle_Clicked.ubulk" 207
"../../../Engine/Content/VREditor/Sounds/UI/Gizmo_Handle_Clicked.uasset" 208
"../../../Engine/Content/VREditor/Sounds/UI/Gizmo_Handle_Clicked.uexp" 209
"../../../Engine/Content/VREditor/Sounds/UI/Object_PickUp.ubulk" 210
"../../../Engine/Content/VREditor/Sounds/UI/Object_PickUp.uasset" 211
"../../../Engine/Content/VREditor/Sounds/UI/Object_PickUp.uexp" 212
"../../../Engine/Content/VREditor/Sounds/UI/Object_Snaps_To_Another_Actor.ubulk" 213
"../../../Engine/Content/VREditor/Sounds/UI/Object_Snaps_To_Another_Actor.uasset" 214
"../../../Engine/Content/VREditor/Sounds/UI/Object_Snaps_To_Another_Actor.uexp" 215
"../../../Engine/Content/VREditor/Sounds/UI/Object_Snaps_To_Grid.ubulk" 216
"../../../Engine/Content/VREditor/Sounds/UI/Object_Snaps_To_Grid.uasset" 217
"../../../Engine/Content/VREditor/Sounds/UI/Object_Snaps_To_Grid.uexp" 218
"../../../Engine/Content/VREditor/Sounds/UI/Scaling_Down.ubulk" 219
"../../../Engine/Content/VREditor/Sounds/UI/Scaling_Down.uasset" 220
"../../../Engine/Content/VREditor/Sounds/UI/Scaling_Down.uexp" 221
"../../../Engine/Content/VREditor/Sounds/UI/Scaling_Up.ubulk" 222
"../../../Engine/Content/VREditor/Sounds/UI/Scaling_Up.uasset" 223
"../../../Engine/Content/VREditor/Sounds/UI/Scaling_Up.uexp" 224
"../../../Engine/Content/VREditor/Sounds/UI/Selection_Changes.ubulk" 225
"../../../Engine/Content/VREditor/Sounds/UI/Selection_Changes.uasset" 226
"../../../Engine/Content/VREditor/Sounds/UI/Selection_Changes.uexp" 227
"../../../Engine/Content/BasicShapes/Sphere.ubulk" 228
"../../../Engine/Content/BasicShapes/Sphere.uasset" 229
"../../../Engine/Content/BasicShapes/Sphere.uexp" 230
"../../../Engine/Content/EditorMaterials/PreviewShadowIndicator.ubulk" 231
"../../../Engine/Content/EditorMaterials/PreviewShadowIndicator.uasset" 232
"../../../Engine/Content/EditorMaterials/PreviewShadowIndicator.uexp" 233
"../../../Engine/Content/EditorMaterials/PreviewShadowIndicatorMaterial.uasset" 234
"../../../Engine/Content/EditorMaterials/PreviewShadowIndicatorMaterial.uexp" 235
"../../../Engine/Content/EngineMaterials/WeightMapPlaceholderTexture.uasset" 236
"../../../Engine/Content/EngineMaterials/WeightMapPlaceholderTexture.uexp" 237
"../../../Engine/Content/EngineMaterials/WeightMapArrayPlaceholderTexture.uasset" 238
"../../../Engine/Content/EngineMaterials/WeightMapArrayPlaceholderTexture.uexp" 239
"../../../Engine/Plugins/Animation/ControlRig/Content/Controls/ControlRigGizmoMaterial.uasset" 240
"../../../Engine/Plugins/Animation/ControlRig/Content/Controls/ControlRigGizmoMaterial.uexp" 241
"../../../Engine/Plugins/Animation/ControlRig/Content/Controls/ControlRigXRayMaterial.uasset" 242
"../../../Engine/Plugins/Animation/ControlRig/Content/Controls/ControlRigXRayMaterial.uexp" 243
"../../../Engine/Plugins/Animation/ControlRig/Content/Controls/ControlRig_Arrow2_1mm.ubulk" 244
"../../../Engine/Plugins/Animation/ControlRig/Content/Controls/ControlRig_Arrow2_1mm.uasset" 245
"../../../Engine/Plugins/Animation/ControlRig/Content/Controls/ControlRig_Arrow2_1mm.uexp" 246
"../../../Engine/Content/EngineResources/WhiteSquareTexture.uasset" 247
"../../../Engine/Content/EngineResources/WhiteSquareTexture.uexp" 248
"../../../Engine/Content/EngineMaterials/Widget3DPassThrough.uasset" 249
"../../../Engine/Content/EngineMaterials/Widget3DPassThrough.uexp" 250
"../../../Engine/Content/EngineMaterials/Widget3DPassThrough_Masked.uasset" 251
"../../../Engine/Content/EngineMaterials/Widget3DPassThrough_Masked.uexp" 252
"../../../Engine/Content/EngineMaterials/Widget3DPassThrough_Opaque.uasset" 253
"../../../Engine/Content/EngineMaterials/Widget3DPassThrough_Opaque.uexp" 254
"../../../Engine/Content/EngineMaterials/Widget3DPassThrough_Masked_OneSided.uasset" 255
"../../../Engine/Content/EngineMaterials/Widget3DPassThrough_Masked_OneSided.uexp" 256
"../../../Engine/Content/EngineMaterials/Widget3DPassThrough_Opaque_OneSided.uasset" 257
"../../../Engine/Content/EngineMaterials/Widget3DPassThrough_Opaque_OneSided.uexp" 258
"../../../Engine/Plugins/Animation/ControlRig/Content/Controls/ControlRig_Arrow2_3mm.ubulk" 259
"../../../Engine/Plugins/Animation/ControlRig/Content/Controls/ControlRig_Arrow2_3mm.uasset" 260
"../../../Engine/Plugins/Animation/ControlRig/Content/Controls/ControlRig_Arrow2_3mm.uexp" 261
"../../../Engine/Content/EngineMaterials/Widget3DPassThrough_Translucent.uasset" 262
"../../../Engine/Content/EngineMaterials/Widget3DPassThrough_Translucent.uexp" 263
"../../../Engine/Content/EngineMaterials/Widget3DPassThrough_Translucent_OneSided.uasset" 264
"../../../Engine/Content/EngineMaterials/Widget3DPassThrough_Translucent_OneSided.uexp" 265
"../../../Engine/Plugins/Animation/ControlRig/Content/Controls/ControlRig_Arrow2_solid.ubulk" 266
"../../../Engine/Plugins/Animation/ControlRig/Content/Controls/ControlRig_Arrow2_solid.uasset" 267
"../../../Engine/Plugins/Animation/ControlRig/Content/Controls/ControlRig_Arrow2_solid.uexp" 268
"../../../Engine/Plugins/Animation/ControlRig/Content/Controls/ControlRig_Arrow4_1mm.ubulk" 269
"../../../Engine/Plugins/Animation/ControlRig/Content/Controls/ControlRig_Arrow4_1mm.uasset" 270
"../../../Engine/Plugins/Animation/ControlRig/Content/Controls/ControlRig_Arrow4_1mm.uexp" 271
"../../../Engine/Plugins/Animation/ControlRig/Content/Controls/ControlRig_Arrow4_3mm.ubulk" 272
"../../../Engine/Plugins/Animation/ControlRig/Content/Controls/ControlRig_Arrow4_3mm.uasset" 273
"../../../Engine/Plugins/Animation/ControlRig/Content/Controls/ControlRig_Arrow4_3mm.uexp" 274
"../../../Engine/Plugins/Animation/ControlRig/Content/Controls/ControlRig_Arrow4_solid.ubulk" 275
"../../../Engine/Plugins/Animation/ControlRig/Content/Controls/ControlRig_Arrow4_solid.uasset" 276
"../../../Engine/Plugins/Animation/ControlRig/Content/Controls/ControlRig_Arrow4_solid.uexp" 277
"../../../Engine/Plugins/Animation/ControlRig/Content/Controls/ControlRig_Arrow_1mm.ubulk" 278
"../../../Engine/Plugins/Animation/ControlRig/Content/Controls/ControlRig_Arrow_1mm.uasset" 279
"../../../Engine/Plugins/Animation/ControlRig/Content/Controls/ControlRig_Arrow_1mm.uexp" 280
"../../../Engine/Plugins/Animation/ControlRig/Content/Controls/ControlRig_Arrow_3mm.ubulk" 281
"../../../Engine/Plugins/Animation/ControlRig/Content/Controls/ControlRig_Arrow_3mm.uasset" 282
"../../../Engine/Plugins/Animation/ControlRig/Content/Controls/ControlRig_Arrow_3mm.uexp" 283
"../../../Engine/Plugins/Animation/ControlRig/Content/Controls/ControlRig_Arrow_solid.ubulk" 284
"../../../Engine/Plugins/Animation/ControlRig/Content/Controls/ControlRig_Arrow_solid.uasset" 285
"../../../Engine/Plugins/Animation/ControlRig/Content/Controls/ControlRig_Arrow_solid.uexp" 286
"../../../Engine/Plugins/Animation/ControlRig/Content/Controls/ControlRig_Box_1mm.ubulk" 287
"../../../Engine/Plugins/Animation/ControlRig/Content/Controls/ControlRig_Box_1mm.uasset" 288
"../../../Engine/Plugins/Animation/ControlRig/Content/Controls/ControlRig_Box_1mm.uexp" 289
"../../../Engine/Content/EngineMeshes/Sphere.ubulk" 290
"../../../Engine/Content/EngineMeshes/Sphere.uasset" 291
"../../../Engine/Content/EngineMeshes/Sphere.uexp" 292
"../../../Engine/Plugins/Animation/ControlRig/Content/Controls/ControlRig_Box_3mm.ubulk" 293
"../../../Engine/Plugins/Animation/ControlRig/Content/Controls/ControlRig_Box_3mm.uasset" 294
"../../../Engine/Plugins/Animation/ControlRig/Content/Controls/ControlRig_Box_3mm.uexp" 295
"../../../Engine/Plugins/Animation/ControlRig/Content/Controls/ControlRig_Box_solid.ubulk" 296
"../../../Engine/Plugins/Animation/ControlRig/Content/Controls/ControlRig_Box_solid.uasset" 297
"../../../Engine/Plugins/Animation/ControlRig/Content/Controls/ControlRig_Box_solid.uexp" 298
"../../../Engine/Plugins/Animation/ControlRig/Content/Controls/ControlRig_Circle_1mm.ubulk" 299
"../../../Engine/Plugins/Animation/ControlRig/Content/Controls/ControlRig_Circle_1mm.uasset" 300
"../../../Engine/Plugins/Animation/ControlRig/Content/Controls/ControlRig_Circle_1mm.uexp" 301
"../../../Engine/Plugins/Animation/ControlRig/Content/Controls/ControlRig_Circle_3mm.ubulk" 302
"../../../Engine/Plugins/Animation/ControlRig/Content/Controls/ControlRig_Circle_3mm.uasset" 303
"../../../Engine/Plugins/Animation/ControlRig/Content/Controls/ControlRig_Circle_3mm.uexp" 304
"../../../Engine/Plugins/Animation/ControlRig/Content/Controls/ControlRig_Circle_solid.ubulk" 305
"../../../Engine/Plugins/Animation/ControlRig/Content/Controls/ControlRig_Circle_solid.uasset" 306
"../../../Engine/Plugins/Animation/ControlRig/Content/Controls/ControlRig_Circle_solid.uexp" 307
"../../../Engine/Plugins/Animation/ControlRig/Content/Controls/ControlRig_Diamond_1mm.ubulk" 308
"../../../Engine/Plugins/Animation/ControlRig/Content/Controls/ControlRig_Diamond_1mm.uasset" 309
"../../../Engine/Plugins/Animation/ControlRig/Content/Controls/ControlRig_Diamond_1mm.uexp" 310
"../../../Engine/Content/EditorLandscapeResources/DefaultAlphaTexture.uasset" 311
"../../../Engine/Content/EditorLandscapeResources/DefaultAlphaTexture.uexp" 312
"../../../Engine/Content/EditorLandscapeResources/ColorMaskBrushMaterial.uasset" 313
"../../../Engine/Content/EditorLandscapeResources/ColorMaskBrushMaterial.uexp" 314
"../../../Engine/Content/EditorLandscapeResources/ColorMaskBrushMaterial_MaskedRegion.uasset" 315
"../../../Engine/Content/EditorLandscapeResources/ColorMaskBrushMaterial_MaskedRegion.uexp" 316
"../../../Engine/Plugins/Animation/ControlRig/Content/Controls/ControlRig_Diamond_3mm.ubulk" 317
"../../../Engine/Plugins/Animation/ControlRig/Content/Controls/ControlRig_Diamond_3mm.uasset" 318
"../../../Engine/Plugins/Animation/ControlRig/Content/Controls/ControlRig_Diamond_3mm.uexp" 319
"../../../Engine/Plugins/Animation/ControlRig/Content/Controls/ControlRig_Diamond_solid.ubulk" 320
"../../../Engine/Plugins/Animation/ControlRig/Content/Controls/ControlRig_Diamond_solid.uasset" 321
"../../../Engine/Plugins/Animation/ControlRig/Content/Controls/ControlRig_Diamond_solid.uexp" 322
"../../../Engine/Content/EngineMaterials/DefaultBloomKernel.uasset" 323
"../../../Engine/Content/EngineMaterials/DefaultBloomKernel.uexp" 324
"../../../Engine/Content/EngineResources/Black.uasset" 325
"../../../Engine/Content/EngineResources/Black.uexp" 326
"../../../Engine/Content/EngineMaterials/DefaultBokeh.uasset" 327
"../../../Engine/Content/EngineMaterials/DefaultBokeh.uexp" 328
"../../../Engine/Plugins/Animation/ControlRig/Content/Controls/ControlRig_HalfCircle_1mm.ubulk" 329
"../../../Engine/Plugins/Animation/ControlRig/Content/Controls/ControlRig_HalfCircle_1mm.uasset" 330
"../../../Engine/Plugins/Animation/ControlRig/Content/Controls/ControlRig_HalfCircle_1mm.uexp" 331
"../../../Engine/Plugins/Animation/ControlRig/Content/Controls/ControlRig_HalfCircle_3mm.ubulk" 332
"../../../Engine/Plugins/Animation/ControlRig/Content/Controls/ControlRig_HalfCircle_3mm.uasset" 333
"../../../Engine/Plugins/Animation/ControlRig/Content/Controls/ControlRig_HalfCircle_3mm.uexp" 334
"../../../Engine/Content/EngineResources/DefaultTexture.ubulk" 335
"../../../Engine/Content/EngineResources/DefaultTexture.uasset" 336
"../../../Engine/Content/EngineResources/DefaultTexture.uexp" 337
"../../../Engine/Plugins/Animation/ControlRig/Content/Controls/ControlRig_HalfCircle_solid.ubulk" 338
"../../../Engine/Plugins/Animation/ControlRig/Content/Controls/ControlRig_HalfCircle_solid.uasset" 339
"../../../Engine/Plugins/Animation/ControlRig/Content/Controls/ControlRig_HalfCircle_solid.uexp" 340
"../../../Engine/Content/EngineResources/DefaultTextureCube.uasset" 341
"../../../Engine/Content/EngineResources/DefaultTextureCube.uexp" 342
"../../../Engine/Plugins/Animation/ControlRig/Content/Controls/ControlRig_Hexagon_1mm.ubulk" 343
"../../../Engine/Plugins/Animation/ControlRig/Content/Controls/ControlRig_Hexagon_1mm.uasset" 344
"../../../Engine/Plugins/Animation/ControlRig/Content/Controls/ControlRig_Hexagon_1mm.uexp" 345
"../../../Engine/Content/EngineMaterials/DefaultDiffuse.ubulk" 346
"../../../Engine/Content/EngineMaterials/DefaultDiffuse.uasset" 347
"../../../Engine/Content/EngineMaterials/DefaultDiffuse.uexp" 348
"../../../Engine/Content/EngineMaterials/DefaultDeferredDecalMaterial.uasset" 349
"../../../Engine/Content/EngineMaterials/DefaultDeferredDecalMaterial.uexp" 350
"../../../Engine/Content/EditorLandscapeResources/LandscapeDirtyMaterial.uasset" 351
"../../../Engine/Content/EditorLandscapeResources/LandscapeDirtyMaterial.uexp" 352
"../../../Engine/Plugins/Animation/ControlRig/Content/Controls/ControlRig_Hexagon_3mm.ubulk" 353
"../../../Engine/Plugins/Animation/ControlRig/Content/Controls/ControlRig_Hexagon_3mm.uasset" 354
"../../../Engine/Plugins/Animation/ControlRig/Content/Controls/ControlRig_Hexagon_3mm.uexp" 355
"../../../Engine/Content/EngineResources/DefaultVolumeTexture2D.uasset" 356
"../../../Engine/Content/EngineResources/DefaultVolumeTexture2D.uexp" 357
"../../../Engine/Content/EngineResources/DefaultVolumeTexture.uasset" 358
"../../../Engine/Content/EngineResources/DefaultVolumeTexture.uexp" 359
"../../../Engine/Plugins/Animation/ControlRig/Content/Controls/ControlRig_Hexagon_solid.ubulk" 360
"../../../Engine/Plugins/Animation/ControlRig/Content/Controls/ControlRig_Hexagon_solid.uasset" 361
"../../../Engine/Plugins/Animation/ControlRig/Content/Controls/ControlRig_Hexagon_solid.uexp" 362
"../../../Engine/Content/EngineMaterials/DefaultLightFunctionMaterial.uasset" 363
"../../../Engine/Content/EngineMaterials/DefaultLightFunctionMaterial.uexp" 364
"../../../Engine/Plugins/Animation/ControlRig/Content/Controls/ControlRig_Octagon_1mm.ubulk" 365
"../../../Engine/Plugins/Animation/ControlRig/Content/Controls/ControlRig_Octagon_1mm.uasset" 366
"../../../Engine/Plugins/Animation/ControlRig/Content/Controls/ControlRig_Octagon_1mm.uexp" 367
"../../../Engine/Content/EngineResources/GradientTexture0.uasset" 368
"../../../Engine/Content/EngineResources/GradientTexture0.uexp" 369
"../../../Engine/Content/Functions/Engine_MaterialFunctions02/Utility/BreakOutFloat2Components.uasset" 370
"../../../Engine/Content/Functions/Engine_MaterialFunctions02/Utility/BreakOutFloat2Components.uexp" 371
"../../../Engine/Content/Functions/Engine_MaterialFunctions01/Texturing/ScaleUVsByCenter.uasset" 372
"../../../Engine/Content/Functions/Engine_MaterialFunctions01/Texturing/ScaleUVsByCenter.uexp" 373
"../../../Engine/Content/Functions/Engine_MaterialFunctions02/WorldPositionOffset/LocalPosition.uasset" 374
"../../../Engine/Content/Functions/Engine_MaterialFunctions02/WorldPositionOffset/LocalPosition.uexp" 375
"../../../Engine/Content/Functions/Engine_MaterialFunctions01/Texturing/TextureCropping.uasset" 376
"../../../Engine/Content/Functions/Engine_MaterialFunctions01/Texturing/TextureCropping.uexp" 377
"../../../Engine/Content/Functions/Engine_MaterialFunctions02/ExampleContent/DebugNumberStrip.uasset" 378
"../../../Engine/Content/Functions/Engine_MaterialFunctions02/ExampleContent/DebugNumberStrip.uexp" 379
"../../../Engine/Content/Functions/Engine_MaterialFunctions01/Debug/DebugIntValues.uasset" 380
"../../../Engine/Content/Functions/Engine_MaterialFunctions01/Debug/DebugIntValues.uexp" 381
"../../../Engine/Content/EditorLandscapeResources/LandscapeLayerUsageMaterial.uasset" 382
"../../../Engine/Content/EditorLandscapeResources/LandscapeLayerUsageMaterial.uexp" 383
"../../../Engine/Plugins/Animation/ControlRig/Content/Controls/ControlRig_Octagon_3mm.ubulk" 384
"../../../Engine/Plugins/Animation/ControlRig/Content/Controls/ControlRig_Octagon_3mm.uasset" 385
"../../../Engine/Plugins/Animation/ControlRig/Content/Controls/ControlRig_Octagon_3mm.uexp" 386
"../../../Engine/Content/EngineMaterials/DefaultPostProcessMaterial.uasset" 387
"../../../Engine/Content/EngineMaterials/DefaultPostProcessMaterial.uexp" 388
"../../../Engine/Content/Functions/Engine_MaterialFunctions02/Utility/VectorLength.uasset" 389
"../../../Engine/Content/Functions/Engine_MaterialFunctions02/Utility/VectorLength.uexp" 390
"../../../Engine/Plugins/Experimental/MeshModelingToolsetExp/Content/Materials/GetDisplacementVectorForDepthBias.uasset" 391
"../../../Engine/Plugins/Experimental/MeshModelingToolsetExp/Content/Materials/GetDisplacementVectorForDepthBias.uexp" 392
"../../../Engine/Content/Functions/Engine_MaterialFunctions03/Viewport/MF_OrthoWidth.uasset" 393
"../../../Engine/Content/Functions/Engine_MaterialFunctions03/Viewport/MF_OrthoWidth.uexp" 394
"../../../Engine/Content/Functions/Engine_MaterialFunctions02/Utility/FOV.uasset" 395
"../../../Engine/Content/Functions/Engine_MaterialFunctions02/Utility/FOV.uexp" 396
"../../../Engine/Content/Functions/Engine_MaterialFunctions02/WorldPositionOffset/V2/ObjectScale.uasset" 397
"../../../Engine/Content/Functions/Engine_MaterialFunctions02/WorldPositionOffset/V2/ObjectScale.uexp" 398
"../../../Engine/Plugins/Experimental/MeshModelingToolsetExp/Content/Materials/PointSetOverlaidComponentMaterial.uasset" 399
"../../../Engine/Plugins/Experimental/MeshModelingToolsetExp/Content/Materials/PointSetOverlaidComponentMaterial.uexp" 400
"../../../Engine/Plugins/Animation/ControlRig/Content/Controls/ControlRig_Octagon_solid.ubulk" 401
"../../../Engine/Plugins/Animation/ControlRig/Content/Controls/ControlRig_Octagon_solid.uasset" 402
"../../../Engine/Plugins/Animation/ControlRig/Content/Controls/ControlRig_Octagon_solid.uexp" 403
"../../../Engine/Content/EngineFonts/RobotoDistanceField.uasset" 404
"../../../Engine/Content/EngineFonts/RobotoDistanceField.uexp" 405
"../../../Engine/Content/EngineMaterials/DefaultTextMaterialOpaque.uasset" 406
"../../../Engine/Content/EngineMaterials/DefaultTextMaterialOpaque.uexp" 407
"../../../Engine/Content/EngineResources/LandscapeVisibilityLayerInfo.uasset" 408
"../../../Engine/Content/EngineResources/LandscapeVisibilityLayerInfo.uexp" 409
"../../../Engine/Plugins/Animation/ControlRig/Content/Controls/ControlRig_Pyramid_1mm.ubulk" 410
"../../../Engine/Plugins/Animation/ControlRig/Content/Controls/ControlRig_Pyramid_1mm.uasset" 411
"../../../Engine/Plugins/Animation/ControlRig/Content/Controls/ControlRig_Pyramid_1mm.uexp" 412
"../../../Engine/Content/EditorLandscapeResources/WhiteSquareTexture.uasset" 413
"../../../Engine/Content/EditorLandscapeResources/WhiteSquareTexture.uexp" 414
"../../../Engine/Content/EditorLandscapeResources/LayerVisMaterial.uasset" 415
"../../../Engine/Content/EditorLandscapeResources/LayerVisMaterial.uexp" 416
"../../../Engine/Content/EngineMaterials/DefaultWhiteGrid.ubulk" 417
"../../../Engine/Content/EngineMaterials/DefaultWhiteGrid.uasset" 418
"../../../Engine/Content/EngineMaterials/DefaultWhiteGrid.uexp" 419
"../../../Engine/Content/EditorResources/BSPVertex.uasset" 420
"../../../Engine/Content/EditorResources/BSPVertex.uexp" 421
"../../../Engine/Plugins/Animation/ControlRig/Content/Controls/ControlRig_Pyramid_3mm.ubulk" 422
"../../../Engine/Plugins/Animation/ControlRig/Content/Controls/ControlRig_Pyramid_3mm.uasset" 423
"../../../Engine/Plugins/Animation/ControlRig/Content/Controls/ControlRig_Pyramid_3mm.uexp" 424
"../../../Engine/Plugins/Animation/ControlRig/Content/Controls/ControlRig_Pyramid_solid.ubulk" 425
"../../../Engine/Plugins/Animation/ControlRig/Content/Controls/ControlRig_Pyramid_solid.uasset" 426
"../../../Engine/Plugins/Animation/ControlRig/Content/Controls/ControlRig_Pyramid_solid.uexp" 427
"../../../Engine/Content/Functions/Engine_MaterialFunctions03/Math/WithinRangeFloat2.uasset" 428
"../../../Engine/Content/Functions/Engine_MaterialFunctions03/Math/WithinRangeFloat2.uexp" 429
"../../../Engine/Content/EditorLandscapeResources/MaskBrushMaterial.uasset" 430
"../../../Engine/Content/EditorLandscapeResources/MaskBrushMaterial.uexp" 431
"../../../Engine/Content/EditorLandscapeResources/MaskBrushMaterial_MaskedRegion.uasset" 432
"../../../Engine/Content/EditorLandscapeResources/MaskBrushMaterial_MaskedRegion.uexp" 433
"../../../Engine/Plugins/Animation/ControlRig/Content/Controls/ControlRig_QuarterCircle_1mm.ubulk" 434
"../../../Engine/Plugins/Animation/ControlRig/Content/Controls/ControlRig_QuarterCircle_1mm.uasset" 435
"../../../Engine/Plugins/Animation/ControlRig/Content/Controls/ControlRig_QuarterCircle_1mm.uexp" 436
"../../../Engine/Content/EngineMaterials/DefaultWhiteGrid_Low.uasset" 437
"../../../Engine/Content/EngineMaterials/DefaultWhiteGrid_Low.uexp" 438
"../../../Engine/Content/EngineMaterials/EmissiveMeshMaterial.uasset" 439
"../../../Engine/Content/EngineMaterials/EmissiveMeshMaterial.uexp" 440
"../../../Engine/Plugins/Animation/ControlRig/Content/Controls/ControlRig_QuarterCircle_3mm.ubulk" 441
"../../../Engine/Plugins/Animation/ControlRig/Content/Controls/ControlRig_QuarterCircle_3mm.uasset" 442
"../../../Engine/Plugins/Animation/ControlRig/Content/Controls/ControlRig_QuarterCircle_3mm.uexp" 443
"../../../Engine/Content/EngineMaterials/FastBlueNoise_scalar_128x128x64.uasset" 444
"../../../Engine/Content/EngineMaterials/FastBlueNoise_scalar_128x128x64.uexp" 445
"../../../Engine/Plugins/Animation/ControlRig/Content/Controls/ControlRig_QuarterCircle_solid.ubulk" 446
"../../../Engine/Plugins/Animation/ControlRig/Content/Controls/ControlRig_QuarterCircle_solid.uasset" 447
"../../../Engine/Plugins/Animation/ControlRig/Content/Controls/ControlRig_QuarterCircle_solid.uexp" 448
"../../../Engine/Content/EditorLandscapeResources/SelectBrushMaterial.uasset" 449
"../../../Engine/Content/EditorLandscapeResources/SelectBrushMaterial.uexp" 450
"../../../Engine/Content/EditorLandscapeResources/SelectBrushMaterial_Selected.uasset" 451
"../../../Engine/Content/EditorLandscapeResources/SelectBrushMaterial_Selected.uexp" 452
"../../../Engine/Content/EditorLandscapeResources/SelectBrushMaterial_SelectedRegion.uasset" 453
"../../../Engine/Content/EditorLandscapeResources/SelectBrushMaterial_SelectedRegion.uexp" 454
"../../../Engine/Content/EngineMaterials/FastBlueNoise_scalar_128x128x8.uasset" 455
"../../../Engine/Content/EngineMaterials/FastBlueNoise_scalar_128x128x8.uexp" 456
"../../../Engine/Plugins/Animation/ControlRig/Content/Controls/ControlRig_RoundedSquare_1mm.ubulk" 457
"../../../Engine/Plugins/Animation/ControlRig/Content/Controls/ControlRig_RoundedSquare_1mm.uasset" 458
"../../../Engine/Plugins/Animation/ControlRig/Content/Controls/ControlRig_RoundedSquare_1mm.uexp" 459
"../../../Engine/Content/EngineMaterials/FastBlueNoise_vec2_128x128x64.uasset" 460
"../../../Engine/Content/EngineMaterials/FastBlueNoise_vec2_128x128x64.uexp" 461
"../../../Engine/Content/EditorLandscapeResources/SplineEditorMeshMat.uasset" 462
"../../../Engine/Content/EditorLandscapeResources/SplineEditorMeshMat.uexp" 463
"../../../Engine/Content/EditorLandscapeResources/SplineEditorMesh.ubulk" 464
"../../../Engine/Content/EditorLandscapeResources/SplineEditorMesh.uasset" 465
"../../../Engine/Content/EditorLandscapeResources/SplineEditorMesh.uexp" 466
"../../../Engine/Plugins/Animation/ControlRig/Content/Controls/ControlRig_RoundedSquare_3mm.ubulk" 467
"../../../Engine/Plugins/Animation/ControlRig/Content/Controls/ControlRig_RoundedSquare_3mm.uasset" 468
"../../../Engine/Plugins/Animation/ControlRig/Content/Controls/ControlRig_RoundedSquare_3mm.uexp" 469
"../../../Engine/Content/EngineMaterials/BaseFlattenDiffuseMap.uasset" 470
"../../../Engine/Content/EngineMaterials/BaseFlattenDiffuseMap.uexp" 471
"../../../Engine/Content/EngineMaterials/BaseFlattenEmissiveMap.uasset" 472
"../../../Engine/Content/EngineMaterials/BaseFlattenEmissiveMap.uexp" 473
"../../../Engine/Content/EngineMaterials/BaseFlattenGrayscaleMap.uasset" 474
"../../../Engine/Content/EngineMaterials/BaseFlattenGrayscaleMap.uexp" 475
"../../../Engine/Content/EngineMaterials/BaseFlattenLinearColor.uasset" 476
"../../../Engine/Content/EngineMaterials/BaseFlattenLinearColor.uexp" 477
"../../../Engine/Content/EngineMaterials/BaseFlattenNormalMap.uasset" 478
"../../../Engine/Content/EngineMaterials/BaseFlattenNormalMap.uexp" 479
"../../../Engine/Content/Functions/Engine_MaterialFunctions02/PivotPainter2/Black_1x1_EXR_Texture.uasset" 480
"../../../Engine/Content/Functions/Engine_MaterialFunctions02/PivotPainter2/Black_1x1_EXR_Texture.uexp" 481
"../../../Engine/Content/EngineMaterials/FlattenMaterial.uasset" 482
"../../../Engine/Content/EngineMaterials/FlattenMaterial.uexp" 483
"../../../Engine/Content/EngineMaterials/BaseFlattenDiffuseMap_VT.ubulk" 484
"../../../Engine/Content/EngineMaterials/BaseFlattenDiffuseMap_VT.uasset" 485
"../../../Engine/Content/EngineMaterials/BaseFlattenDiffuseMap_VT.uexp" 486
"../../../Engine/Content/EngineMaterials/BaseFlattenEmissiveMap_VT.ubulk" 487
"../../../Engine/Content/EngineMaterials/BaseFlattenEmissiveMap_VT.uasset" 488
"../../../Engine/Content/EngineMaterials/BaseFlattenEmissiveMap_VT.uexp" 489
"../../../Engine/Content/EngineMaterials/BaseFlattenGrayscaleMap_VT.ubulk" 490
"../../../Engine/Content/EngineMaterials/BaseFlattenGrayscaleMap_VT.uasset" 491
"../../../Engine/Content/EngineMaterials/BaseFlattenGrayscaleMap_VT.uexp" 492
"../../../Engine/Content/EngineMaterials/BaseFlattenLinearColor_VT.ubulk" 493
"../../../Engine/Content/EngineMaterials/BaseFlattenLinearColor_VT.uasset" 494
"../../../Engine/Content/EngineMaterials/BaseFlattenLinearColor_VT.uexp" 495
"../../../Engine/Content/EngineMaterials/BaseFlattenNormalMap_VT.ubulk" 496
"../../../Engine/Content/EngineMaterials/BaseFlattenNormalMap_VT.uasset" 497
"../../../Engine/Content/EngineMaterials/BaseFlattenNormalMap_VT.uexp" 498
"../../../Engine/Content/EngineMaterials/Black_1x1_EXR_Texture_VT.ubulk" 499
"../../../Engine/Content/EngineMaterials/Black_1x1_EXR_Texture_VT.uasset" 500
"../../../Engine/Content/EngineMaterials/Black_1x1_EXR_Texture_VT.uexp" 501
"../../../Engine/Content/EngineMaterials/FlattenMaterial_VT.uasset" 502
"../../../Engine/Content/EngineMaterials/FlattenMaterial_VT.uexp" 503
"../../../Engine/Plugins/Animation/ControlRig/Content/Controls/ControlRig_RoundedSquare_solid.ubulk" 504
"../../../Engine/Plugins/Animation/ControlRig/Content/Controls/ControlRig_RoundedSquare_solid.uasset" 505
"../../../Engine/Plugins/Animation/ControlRig/Content/Controls/ControlRig_RoundedSquare_solid.uexp" 506
"../../../Engine/Content/EngineMaterials/FlattenMaterial_WS_Normal_VT.uasset" 507
"../../../Engine/Content/EngineMaterials/FlattenMaterial_WS_Normal_VT.uexp" 508
"../../../Engine/Content/EditorResources/S_Actor.ubulk" 509
"../../../Engine/Content/EditorResources/S_Actor.uasset" 510
"../../../Engine/Content/EditorResources/S_Actor.uexp" 511
"../../../Engine/Plugins/Animation/ControlRig/Content/Controls/ControlRig_RoundedTriangle_1mm.ubulk" 512
"../../../Engine/Plugins/Animation/ControlRig/Content/Controls/ControlRig_RoundedTriangle_1mm.uasset" 513
"../../../Engine/Plugins/Animation/ControlRig/Content/Controls/ControlRig_RoundedTriangle_1mm.uexp" 514
"../../../Engine/Plugins/Animation/ControlRig/Content/Controls/ControlRig_RoundedTriangle_3mm.ubulk" 515
"../../../Engine/Plugins/Animation/ControlRig/Content/Controls/ControlRig_RoundedTriangle_3mm.uasset" 516
"../../../Engine/Plugins/Animation/ControlRig/Content/Controls/ControlRig_RoundedTriangle_3mm.uexp" 517
"../../../Engine/Content/EditorResources/S_BoxReflectionCapture.uasset" 518
"../../../Engine/Content/EditorResources/S_BoxReflectionCapture.uexp" 519
"../../../Engine/Content/EngineMaterials/GizmoMaterial.uasset" 520
"../../../Engine/Content/EngineMaterials/GizmoMaterial.uexp" 521
"../../../Engine/Plugins/Animation/ControlRig/Content/Controls/ControlRig_RoundedTriangle_solid.ubulk" 522
"../../../Engine/Plugins/Animation/ControlRig/Content/Controls/ControlRig_RoundedTriangle_solid.uasset" 523
"../../../Engine/Plugins/Animation/ControlRig/Content/Controls/ControlRig_RoundedTriangle_solid.uexp" 524
"../../../Engine/Plugins/Animation/ControlRig/Content/Controls/ControlRig_Sphere_1mm.ubulk" 525
"../../../Engine/Plugins/Animation/ControlRig/Content/Controls/ControlRig_Sphere_1mm.uasset" 526
"../../../Engine/Plugins/Animation/ControlRig/Content/Controls/ControlRig_Sphere_1mm.uexp" 527
"../../../Engine/Plugins/Animation/ControlRig/Content/Controls/ControlRig_Sphere_3mm.ubulk" 528
"../../../Engine/Plugins/Animation/ControlRig/Content/Controls/ControlRig_Sphere_3mm.uasset" 529
"../../../Engine/Plugins/Animation/ControlRig/Content/Controls/ControlRig_Sphere_3mm.uexp" 530
"../../../Engine/Plugins/Animation/ControlRig/Content/Controls/ControlRig_Sphere_solid.ubulk" 531
"../../../Engine/Plugins/Animation/ControlRig/Content/Controls/ControlRig_Sphere_solid.uasset" 532
"../../../Engine/Plugins/Animation/ControlRig/Content/Controls/ControlRig_Sphere_solid.uexp" 533
"../../../Engine/Plugins/Animation/ControlRig/Content/Controls/ControlRig_Square_1mm.ubulk" 534
"../../../Engine/Plugins/Animation/ControlRig/Content/Controls/ControlRig_Square_1mm.uasset" 535
"../../../Engine/Plugins/Animation/ControlRig/Content/Controls/ControlRig_Square_1mm.uexp" 536
"../../../Engine/Plugins/Animation/ControlRig/Content/Controls/ControlRig_Square_3mm.ubulk" 537
"../../../Engine/Plugins/Animation/ControlRig/Content/Controls/ControlRig_Square_3mm.uasset" 538
"../../../Engine/Plugins/Animation/ControlRig/Content/Controls/ControlRig_Square_3mm.uexp" 539
"../../../Engine/Plugins/Animation/ControlRig/Content/Controls/ControlRig_Square_solid.ubulk" 540
"../../../Engine/Plugins/Animation/ControlRig/Content/Controls/ControlRig_Square_solid.uasset" 541
"../../../Engine/Plugins/Animation/ControlRig/Content/Controls/ControlRig_Square_solid.uexp" 542
"../../../Engine/Plugins/Animation/ControlRig/Content/Controls/ControlRig_Star4_1mm.ubulk" 543
"../../../Engine/Plugins/Animation/ControlRig/Content/Controls/ControlRig_Star4_1mm.uasset" 544
"../../../Engine/Plugins/Animation/ControlRig/Content/Controls/ControlRig_Star4_1mm.uexp" 545
"../../../Engine/Content/EngineMaterials/MiniFont.uasset" 546
"../../../Engine/Content/EngineMaterials/MiniFont.uexp" 547
"../../../Engine/Content/EngineMaterials/InvalidLightmapSettings.ubulk" 548
"../../../Engine/Content/EngineMaterials/InvalidLightmapSettings.uasset" 549
"../../../Engine/Content/EngineMaterials/InvalidLightmapSettings.uexp" 550
"../../../Engine/Content/EngineMaterials/M_InvalidLightmapSettings.uasset" 551
"../../../Engine/Content/EngineMaterials/M_InvalidLightmapSettings.uexp" 552
"../../../Engine/Plugins/Animation/ControlRig/Content/Controls/ControlRig_Star4_3mm.ubulk" 553
"../../../Engine/Plugins/Animation/ControlRig/Content/Controls/ControlRig_Star4_3mm.uasset" 554
"../../../Engine/Plugins/Animation/ControlRig/Content/Controls/ControlRig_Star4_3mm.uexp" 555
"../../../Engine/Content/EngineMaterials/NaniteHiddenSectionMaterial.uasset" 556
"../../../Engine/Content/EngineMaterials/NaniteHiddenSectionMaterial.uexp" 557
"../../../Engine/Plugins/Animation/ControlRig/Content/Controls/ControlRig_Star4_solid.ubulk" 558
"../../../Engine/Plugins/Animation/ControlRig/Content/Controls/ControlRig_Star4_solid.uasset" 559
"../../../Engine/Plugins/Animation/ControlRig/Content/Controls/ControlRig_Star4_solid.uexp" 560
"../../../Engine/Plugins/Animation/ControlRig/Content/Controls/ControlRig_Triangle_1mm.ubulk" 561
"../../../Engine/Plugins/Animation/ControlRig/Content/Controls/ControlRig_Triangle_1mm.uasset" 562
"../../../Engine/Plugins/Animation/ControlRig/Content/Controls/ControlRig_Triangle_1mm.uexp" 563
"../../../Engine/Content/Functions/Engine_MaterialFunctions02/WorldPositionOffset/CameraOffset.uasset" 564
"../../../Engine/Content/Functions/Engine_MaterialFunctions02/WorldPositionOffset/CameraOffset.uexp" 565
"../../../Engine/Content/EngineMaterials/PhAT_JointLimitMaterial.uasset" 566
"../../../Engine/Content/EngineMaterials/PhAT_JointLimitMaterial.uexp" 567
"../../../Engine/Plugins/Animation/ControlRig/Content/Controls/ControlRig_Triangle_3mm.ubulk" 568
"../../../Engine/Plugins/Animation/ControlRig/Content/Controls/ControlRig_Triangle_3mm.uasset" 569
"../../../Engine/Plugins/Animation/ControlRig/Content/Controls/ControlRig_Triangle_3mm.uexp" 570
"../../../Engine/Content/EngineMaterials/DefaultCalibrationColor.uasset" 571
"../../../Engine/Content/EngineMaterials/DefaultCalibrationColor.uexp" 572
"../../../Engine/Content/EngineMaterials/PPM_DefaultCalibrationColor.uasset" 573
"../../../Engine/Content/EngineMaterials/PPM_DefaultCalibrationColor.uexp" 574
"../../../Engine/Plugins/Animation/ControlRig/Content/Controls/ControlRig_Triangle_solid.ubulk" 575
"../../../Engine/Plugins/Animation/ControlRig/Content/Controls/ControlRig_Triangle_solid.uasset" 576
"../../../Engine/Plugins/Animation/ControlRig/Content/Controls/ControlRig_Triangle_solid.uexp" 577
"../../../Engine/Content/EngineMaterials/DefaultCalibrationGrayscale.uasset" 578
"../../../Engine/Content/EngineMaterials/DefaultCalibrationGrayscale.uexp" 579
"../../../Engine/Content/EngineMaterials/PPM_DefaultCalibrationGrayscale.uasset" 580
"../../../Engine/Content/EngineMaterials/PPM_DefaultCalibrationGrayscale.uexp" 581
"../../../Engine/Plugins/Animation/ControlRig/Content/Controls/ControlRig_Wedge_1mm.ubulk" 582
"../../../Engine/Plugins/Animation/ControlRig/Content/Controls/ControlRig_Wedge_1mm.uasset" 583
"../../../Engine/Plugins/Animation/ControlRig/Content/Controls/ControlRig_Wedge_1mm.uexp" 584
"../../../Engine/Content/EditorResources/S_Solver.ubulk" 585
"../../../Engine/Content/EditorResources/S_Solver.uasset" 586
"../../../Engine/Content/EditorResources/S_Solver.uexp" 587
"../../../Engine/Content/EngineMaterials/PreintegratedSkinBRDF.uasset" 588
"../../../Engine/Content/EngineMaterials/PreintegratedSkinBRDF.uexp" 589
"../../../Engine/Plugins/Animation/ControlRig/Content/Controls/ControlRig_Wedge_3mm.ubulk" 590
"../../../Engine/Plugins/Animation/ControlRig/Content/Controls/ControlRig_Wedge_3mm.uasset" 591
"../../../Engine/Plugins/Animation/ControlRig/Content/Controls/ControlRig_Wedge_3mm.uexp" 592
"../../../Engine/Content/EditorResources/S_Terrain.ubulk" 593
"../../../Engine/Content/EditorResources/S_Terrain.uasset" 594
"../../../Engine/Content/EditorResources/S_Terrain.uexp" 595
"../../../Engine/Content/EditorResources/S_Trigger.ubulk" 596
"../../../Engine/Content/EditorResources/S_Trigger.uasset" 597
"../../../Engine/Content/EditorResources/S_Trigger.uexp" 598
"../../../Engine/Content/EditorResources/S_TriggerBox.uasset" 599
"../../../Engine/Content/EditorResources/S_TriggerBox.uexp" 600
"../../../Engine/Content/EditorResources/S_TriggerCapsule.uasset" 601
"../../../Engine/Content/EditorResources/S_TriggerCapsule.uexp" 602
"../../../Engine/Content/EditorResources/S_TriggerSphere.uasset" 603
"../../../Engine/Content/EditorResources/S_TriggerSphere.uexp" 604
"../../../Engine/Plugins/Animation/DeformerGraph/Content/DeformerFunctions/DG_Function_LinearBlendSkin_Morph_Cloth.uasset" 605
"../../../Engine/Plugins/Animation/DeformerGraph/Content/DeformerFunctions/DG_Function_LinearBlendSkin_Morph_Cloth.uexp" 606
"../../../Engine/Plugins/Animation/DeformerGraph/Content/Deformers/DG_LinearBlendSkin_Morph_Cloth.uasset" 607
"../../../Engine/Plugins/Animation/DeformerGraph/Content/Deformers/DG_LinearBlendSkin_Morph_Cloth.uexp" 608
"../../../Engine/Plugins/Animation/DeformerGraph/Content/DeformerFunctions/DG_Function_ComputeNormalsTangents.uasset" 609
"../../../Engine/Plugins/Animation/DeformerGraph/Content/DeformerFunctions/DG_Function_ComputeNormalsTangents.uexp" 610
"../../../Engine/Plugins/Animation/DeformerGraph/Content/DeformerFunctions/DG_Function_LinearBlendSkin_Morph_Cloth_PositionOnly.uasset" 611
"../../../Engine/Plugins/Animation/DeformerGraph/Content/DeformerFunctions/DG_Function_LinearBlendSkin_Morph_Cloth_PositionOnly.uexp" 612
"../../../Engine/Plugins/Animation/DeformerGraph/Content/Deformers/DG_LinearBlendSkin_Morph_Cloth_RecomputeNormals.uasset" 613
"../../../Engine/Plugins/Animation/DeformerGraph/Content/Deformers/DG_LinearBlendSkin_Morph_Cloth_RecomputeNormals.uexp" 614
"../../../Engine/Plugins/Interchange/Assets/Content/Substrate/MX_SimpleVolume.uasset" 615
"../../../Engine/Plugins/Interchange/Assets/Content/Substrate/MX_SimpleVolume.uexp" 616
"../../../Engine/Plugins/Runtime/HairStrands/Content/Materials/HairCardsDefaultMaterial.uasset" 617
"../../../Engine/Plugins/Runtime/HairStrands/Content/Materials/HairCardsDefaultMaterial.uexp" 618
"../../../Engine/Content/Functions/Engine_MaterialFunctions02/Utility/MakeFloat2.uasset" 619
"../../../Engine/Content/Functions/Engine_MaterialFunctions02/Utility/MakeFloat2.uexp" 620
"../../../Engine/Content/EngineMaterials/HairColorMap.uasset" 621
"../../../Engine/Content/EngineMaterials/HairColorMap.uexp" 622
"../../../Engine/Content/EngineMaterials/HairDebugColor.uasset" 623
"../../../Engine/Content/EngineMaterials/HairDebugColor.uexp" 624
"../../../Engine/Plugins/Runtime/HairStrands/Content/Materials/HairGroupColors.uasset" 625
"../../../Engine/Plugins/Runtime/HairStrands/Content/Materials/HairGroupColors.uexp" 626
"../../../Engine/Plugins/Runtime/HairStrands/Content/Materials/HairDebugMaterial.uasset" 627
"../../../Engine/Plugins/Runtime/HairStrands/Content/Materials/HairDebugMaterial.uexp" 628
"../../../Engine/Plugins/Runtime/HairStrands/Content/Materials/HairDefaultMaterial.uasset" 629
"../../../Engine/Plugins/Runtime/HairStrands/Content/Materials/HairDefaultMaterial.uexp" 630
"../../../Engine/Plugins/Runtime/HairStrands/Content/Materials/HairMeshesDefaultMaterial.uasset" 631
"../../../Engine/Plugins/Runtime/HairStrands/Content/Materials/HairMeshesDefaultMaterial.uexp" 632
"../../../Engine/Content/EditorMaterials/Camera/CineMat.uasset" 633
"../../../Engine/Content/EditorMaterials/Camera/CineMat.uexp" 634
"../../../Engine/Content/EditorMaterials/Camera/MI_CineMat_Rig.uasset" 635
"../../../Engine/Content/EditorMaterials/Camera/MI_CineMat_Rig.uexp" 636
"../../../Engine/Content/EditorMeshes/Camera/SM_CraneRig_Base.ubulk" 637
"../../../Engine/Content/EditorMeshes/Camera/SM_CraneRig_Base.uasset" 638
"../../../Engine/Content/EditorMeshes/Camera/SM_CraneRig_Base.uexp" 639
"../../../Engine/Content/Functions/Engine_MaterialFunctions02/WorldPositionOffset/ObjectScale.uasset" 640
"../../../Engine/Content/Functions/Engine_MaterialFunctions02/WorldPositionOffset/ObjectScale.uexp" 641
"../../../Engine/Plugins/Editor/SpeedTreeImporter/Content/SpeedTree9/Empty.uasset" 642
"../../../Engine/Plugins/Editor/SpeedTreeImporter/Content/SpeedTree9/Empty.uexp" 643
"../../../Engine/Plugins/Editor/SpeedTreeImporter/Content/SpeedTree9/EmptyNormal.uasset" 644
"../../../Engine/Plugins/Editor/SpeedTreeImporter/Content/SpeedTree9/EmptyNormal.uexp" 645
"../../../Engine/Plugins/Editor/SpeedTreeImporter/Content/SpeedTree9/game_wind_noise.ubulk" 646
"../../../Engine/Plugins/Editor/SpeedTreeImporter/Content/SpeedTree9/game_wind_noise.uasset" 647
"../../../Engine/Plugins/Editor/SpeedTreeImporter/Content/SpeedTree9/game_wind_noise.uexp" 648
"../../../Engine/Plugins/Editor/SpeedTreeImporter/Content/SpeedTree9/SpeedTreeBillboard.uasset" 649
"../../../Engine/Plugins/Editor/SpeedTreeImporter/Content/SpeedTree9/SpeedTreeBillboard.uexp" 650
"../../../Engine/Content/Functions/Engine_MaterialFunctions02/SafeNormalize.uasset" 651
"../../../Engine/Content/Functions/Engine_MaterialFunctions02/SafeNormalize.uexp" 652
"../../../Engine/Plugins/Editor/SpeedTreeImporter/Content/SpeedTree9/SpeedTreeWindMotion.uasset" 653
"../../../Engine/Plugins/Editor/SpeedTreeImporter/Content/SpeedTree9/SpeedTreeWindMotion.uexp" 654
"../../../Engine/Plugins/Editor/SpeedTreeImporter/Content/SpeedTree9/UnpackDirection.uasset" 655
"../../../Engine/Plugins/Editor/SpeedTreeImporter/Content/SpeedTree9/UnpackDirection.uexp" 656
"../../../Engine/Plugins/Editor/SpeedTreeImporter/Content/SpeedTree9/UnpackInteger3.uasset" 657
"../../../Engine/Plugins/Editor/SpeedTreeImporter/Content/SpeedTree9/UnpackInteger3.uexp" 658
"../../../Engine/Plugins/Editor/SpeedTreeImporter/Content/SpeedTree9/SpeedTreeBranchMotion.uasset" 659
"../../../Engine/Plugins/Editor/SpeedTreeImporter/Content/SpeedTree9/SpeedTreeBranchMotion.uexp" 660
"../../../Engine/Content/Functions/Engine_MaterialFunctions02/ObjectLocalBounds.uasset" 661
"../../../Engine/Content/Functions/Engine_MaterialFunctions02/ObjectLocalBounds.uexp" 662
"../../../Engine/Content/Functions/Engine_MaterialFunctions02/UVs/BoundingBoxBased_0-1_UVW.uasset" 663
"../../../Engine/Content/Functions/Engine_MaterialFunctions02/UVs/BoundingBoxBased_0-1_UVW.uexp" 664
"../../../Engine/Plugins/Editor/SpeedTreeImporter/Content/SpeedTree9/SpeedTreeWind.uasset" 665
"../../../Engine/Plugins/Editor/SpeedTreeImporter/Content/SpeedTree9/SpeedTreeWind.uexp" 666
"../../../Engine/Plugins/Editor/SpeedTreeImporter/Content/SpeedTree9/SpeedTreeBillboardMaster.uasset" 667
"../../../Engine/Plugins/Editor/SpeedTreeImporter/Content/SpeedTree9/SpeedTreeBillboardMaster.uexp" 668
"../../../Engine/Content/EditorMeshes/Camera/SM_CraneRig_Body.ubulk" 669
"../../../Engine/Content/EditorMeshes/Camera/SM_CraneRig_Body.uasset" 670
"../../../Engine/Content/EditorMeshes/Camera/SM_CraneRig_Body.uexp" 671
"../../../Engine/Plugins/Editor/SpeedTreeImporter/Content/SpeedTree9/SpeedTreeCameraFacing.uasset" 672
"../../../Engine/Plugins/Editor/SpeedTreeImporter/Content/SpeedTree9/SpeedTreeCameraFacing.uexp" 673
"../../../Engine/Plugins/Editor/SpeedTreeImporter/Content/SpeedTree9/SpeedTreeMaster.uasset" 674
"../../../Engine/Plugins/Editor/SpeedTreeImporter/Content/SpeedTree9/SpeedTreeMaster.uexp" 675
"../../../Engine/Content/EditorMeshes/Camera/SM_CraneRig_Mount.ubulk" 676
"../../../Engine/Content/EditorMeshes/Camera/SM_CraneRig_Mount.uasset" 677
"../../../Engine/Content/EditorMeshes/Camera/SM_CraneRig_Mount.uexp" 678
"../../../Engine/Content/EditorMeshes/Camera/SM_RailRig_Mount.ubulk" 679
"../../../Engine/Content/EditorMeshes/Camera/SM_RailRig_Mount.uasset" 680
"../../../Engine/Content/EditorMeshes/Camera/SM_RailRig_Mount.uexp" 681
"../../../Engine/Content/EditorMeshes/Camera/SM_RailRig_Track.ubulk" 682
"../../../Engine/Content/EditorMeshes/Camera/SM_RailRig_Track.uasset" 683
"../../../Engine/Content/EditorMeshes/Camera/SM_RailRig_Track.uexp" 684
"../../../Engine/Plugins/Interchange/Assets/Content/Functions/MX_AbsorptionVDF.uasset" 685
"../../../Engine/Plugins/Interchange/Assets/Content/Functions/MX_AbsorptionVDF.uexp" 686
"../../../Engine/Plugins/2D/Paper2D/Content/DefaultSpriteMaterial.uasset" 687
"../../../Engine/Plugins/2D/Paper2D/Content/DefaultSpriteMaterial.uexp" 688
"../../../Engine/Plugins/2D/Paper2D/Content/MaskedUnlitSpriteMaterial.uasset" 689
"../../../Engine/Plugins/2D/Paper2D/Content/MaskedUnlitSpriteMaterial.uexp" 690
"../../../Engine/Plugins/2D/Paper2D/Content/OpaqueUnlitSpriteMaterial.uasset" 691
"../../../Engine/Plugins/2D/Paper2D/Content/OpaqueUnlitSpriteMaterial.uexp" 692
"../../../Engine/Plugins/Animation/ControlRig/Content/M_Manip.uasset" 693
"../../../Engine/Plugins/Animation/ControlRig/Content/M_Manip.uexp" 694
"../../../Engine/Plugins/Interchange/Assets/Content/Functions/MX_AnisotropicVDF.uasset" 695
"../../../Engine/Plugins/Interchange/Assets/Content/Functions/MX_AnisotropicVDF.uexp" 696
"../../../Engine/Plugins/Interchange/Assets/Content/Functions/MX_BurleyDiffuseBSDF.uasset" 697
"../../../Engine/Plugins/Interchange/Assets/Content/Functions/MX_BurleyDiffuseBSDF.uexp" 698
"../../../Engine/Plugins/Interchange/Assets/Content/Functions/MX_ChiangHairBSDF.uasset" 699
"../../../Engine/Plugins/Interchange/Assets/Content/Functions/MX_ChiangHairBSDF.uexp" 700
"../../../Engine/Plugins/Interchange/Assets/Content/Functions/MX_ConductorBSDF.uasset" 701
"../../../Engine/Plugins/Interchange/Assets/Content/Functions/MX_ConductorBSDF.uexp" 702
"../../../Engine/Plugins/Interchange/Assets/Content/Functions/MX_ConicalEDF.uasset" 703
"../../../Engine/Plugins/Interchange/Assets/Content/Functions/MX_ConicalEDF.uexp" 704
"../../../Engine/Plugins/Interchange/Assets/Content/Functions/MX_DielectricBSDF.uasset" 705
"../../../Engine/Plugins/Interchange/Assets/Content/Functions/MX_DielectricBSDF.uexp" 706
"../../../Engine/Plugins/Interchange/Assets/Content/Functions/MX_Displacement.uasset" 707
"../../../Engine/Plugins/Interchange/Assets/Content/Functions/MX_Displacement.uexp" 708
"../../../Engine/Plugins/Interchange/Assets/Content/Functions/MX_GeneralizedSchlickBSDF.uasset" 709
"../../../Engine/Plugins/Interchange/Assets/Content/Functions/MX_GeneralizedSchlickBSDF.uexp" 710
"../../../Engine/Plugins/Interchange/Assets/Content/Functions/MX_MeasuredEDF.uasset" 711
"../../../Engine/Plugins/Interchange/Assets/Content/Functions/MX_MeasuredEDF.uexp" 712
"../../../Engine/Plugins/Interchange/Assets/Content/Functions/MF_IridescenceNoLUT.uasset" 713
"../../../Engine/Plugins/Interchange/Assets/Content/Functions/MF_IridescenceNoLUT.uexp" 714
"../../../Engine/Plugins/Interchange/Assets/Content/Functions/MX_StandardSurface.uasset" 715
"../../../Engine/Plugins/Interchange/Assets/Content/Functions/MX_StandardSurface.uexp" 716
"../../../Engine/Plugins/Interchange/Assets/Content/Functions/MX_OpenPBR_Opaque.uasset" 717
"../../../Engine/Plugins/Interchange/Assets/Content/Functions/MX_OpenPBR_Opaque.uexp" 718
"../../../Engine/Plugins/Interchange/Assets/Content/Functions/MX_TransmissionSurface.uasset" 719
"../../../Engine/Plugins/Interchange/Assets/Content/Functions/MX_TransmissionSurface.uexp" 720
"../../../Engine/Plugins/Interchange/Assets/Content/Functions/MX_OpenPBR_Translucent.uasset" 721
"../../../Engine/Plugins/Interchange/Assets/Content/Functions/MX_OpenPBR_Translucent.uexp" 722
"../../../Engine/Plugins/Interchange/Assets/Content/Functions/MX_OrenNayarBSDF.uasset" 723
"../../../Engine/Plugins/Interchange/Assets/Content/Functions/MX_OrenNayarBSDF.uexp" 724
"../../../Engine/Plugins/Interchange/Assets/Content/Functions/MX_SheenBSDF.uasset" 725
"../../../Engine/Plugins/Interchange/Assets/Content/Functions/MX_SheenBSDF.uexp" 726
"../../../Engine/Plugins/Runtime/AudioWidgets/Content/Resources/ScrubHandleDown_Clamped.uasset" 727
"../../../Engine/Plugins/Runtime/AudioWidgets/Content/Resources/ScrubHandleDown_Clamped.uexp" 728
"../../../Engine/Plugins/Interchange/Assets/Content/Functions/MX_SubsurfaceBSDF.uasset" 729
"../../../Engine/Plugins/Interchange/Assets/Content/Functions/MX_SubsurfaceBSDF.uexp" 730
"../../../Engine/Plugins/Interchange/Assets/Content/Functions/MX_Surface.uasset" 731
"../../../Engine/Plugins/Interchange/Assets/Content/Functions/MX_Surface.uexp" 732
"../../../Engine/Plugins/Interchange/Assets/Content/Functions/MX_SurfaceUnlit.uasset" 733
"../../../Engine/Plugins/Interchange/Assets/Content/Functions/MX_SurfaceUnlit.uexp" 734
"../../../Engine/Content/EditorResources/SequenceRecorder/Countdown.uasset" 735
"../../../Engine/Content/EditorResources/SequenceRecorder/Countdown.uexp" 736
"../../../Engine/Content/EditorResources/SequenceRecorder/RecordingIndicator.uasset" 737
"../../../Engine/Content/EditorResources/SequenceRecorder/RecordingIndicator.uexp" 738
"../../../Engine/Plugins/Interchange/Assets/Content/Functions/MX_TranslucentBSDF.uasset" 739
"../../../Engine/Plugins/Interchange/Assets/Content/Functions/MX_TranslucentBSDF.uexp" 740
"../../../Engine/Plugins/Interchange/Assets/Content/Functions/MX_UniformEDF.uasset" 741
"../../../Engine/Plugins/Interchange/Assets/Content/Functions/MX_UniformEDF.uexp" 742
"../../../Engine/Plugins/Interchange/Assets/Content/Functions/MX_UsdPreviewSurface.uasset" 743
"../../../Engine/Plugins/Interchange/Assets/Content/Functions/MX_UsdPreviewSurface.uexp" 744
"../../../Engine/Content/EditorMaterials/Dataflow/DataflowTwoSidedVertexMaterial.uasset" 745
"../../../Engine/Content/EditorMaterials/Dataflow/DataflowTwoSidedVertexMaterial.uexp" 746
"../../../Engine/Content/EditorMaterials/Dataflow/DataflowVertexMaterial.uasset" 747
"../../../Engine/Content/EditorMaterials/Dataflow/DataflowVertexMaterial.uexp" 748
"../../../Engine/Plugins/Animation/ControlRig/Content/Controls/ControlRig_Wedge_solid.ubulk" 749
"../../../Engine/Plugins/Animation/ControlRig/Content/Controls/ControlRig_Wedge_solid.uasset" 750
"../../../Engine/Plugins/Animation/ControlRig/Content/Controls/ControlRig_Wedge_solid.uexp" 751
"../../../Engine/Content/EngineMaterials/EnergyConservation/Diffuse_Energy.uasset" 752
"../../../Engine/Content/EngineMaterials/EnergyConservation/Diffuse_Energy.uexp" 753
"../../../Engine/Content/EngineMaterials/EnergyConservation/GGX_ReflectionEnergy.uasset" 754
"../../../Engine/Content/EngineMaterials/EnergyConservation/GGX_ReflectionEnergy.uexp" 755
"../../../Engine/Content/EngineMaterials/EnergyConservation/GGX_TransmissionEnergyArray.uasset" 756
"../../../Engine/Content/EngineMaterials/EnergyConservation/GGX_TransmissionEnergyArray.uexp" 757
"../../../Engine/Content/EngineMaterials/EnergyConservation/SheenLegacy_Energy.uasset" 758
"../../../Engine/Content/EngineMaterials/EnergyConservation/SheenLegacy_Energy.uexp" 759
"../../../Engine/Content/EngineMaterials/EnergyConservation/Sheen_Energy.uasset" 760
"../../../Engine/Content/EngineMaterials/EnergyConservation/Sheen_Energy.uexp" 761
"../../../Engine/Content/EngineMaterials/LTC/GGX_LTCAmp.uasset" 762
"../../../Engine/Content/EngineMaterials/LTC/GGX_LTCAmp.uexp" 763
"../../../Engine/Content/EngineMaterials/LTC/GGX_LTCMat.uasset" 764
"../../../Engine/Content/EngineMaterials/LTC/GGX_LTCMat.uexp" 765
"../../../Engine/Content/EngineMaterials/LTC/Sheen_LTC.uasset" 766
"../../../Engine/Content/EngineMaterials/LTC/Sheen_LTC.uexp" 767
"../../../Engine/Content/EngineResources/Development/ZenLogo_64.uasset" 768
"../../../Engine/Content/EngineResources/Development/ZenLogo_64.uexp" 769
"../../../Engine/Content/EngineResources/FilmGrains/Marcie_Grain_v3_128_M2_000.uasset" 770
"../../../Engine/Content/EngineResources/FilmGrains/Marcie_Grain_v3_128_M2_000.uexp" 771
"../../../Engine/Content/VREditor/TransformGizmo/BoundingBoxCorner.ubulk" 772
"../../../Engine/Content/VREditor/TransformGizmo/BoundingBoxCorner.uasset" 773
"../../../Engine/Content/VREditor/TransformGizmo/BoundingBoxCorner.uexp" 774
"../../../Engine/Content/EditorMaterials/ParticleSystems/PSysThumbnail_NoImage.ubulk" 775
"../../../Engine/Content/EditorMaterials/ParticleSystems/PSysThumbnail_NoImage.uasset" 776
"../../../Engine/Content/EditorMaterials/ParticleSystems/PSysThumbnail_NoImage.uexp" 777
"../../../Engine/Content/VREditor/TransformGizmo/BoundingBoxEdge.ubulk" 778
"../../../Engine/Content/VREditor/TransformGizmo/BoundingBoxEdge.uasset" 779
"../../../Engine/Content/VREditor/TransformGizmo/BoundingBoxEdge.uexp" 780
"../../../Engine/Content/EditorMaterials/ParticleSystems/PSysThumbnail_OOD.ubulk" 781
"../../../Engine/Content/EditorMaterials/ParticleSystems/PSysThumbnail_OOD.uasset" 782
"../../../Engine/Content/EditorMaterials/ParticleSystems/PSysThumbnail_OOD.uexp" 783
"../../../Engine/Content/EditorMeshes/Camera/SM_CraneRig_Arm.ubulk" 784
"../../../Engine/Content/EditorMeshes/Camera/SM_CraneRig_Arm.uasset" 785
"../../../Engine/Content/EditorMeshes/Camera/SM_CraneRig_Arm.uexp" 786
"D:/Unreal engine hry/MyUnrealProject/Content/Input/Actions/IA_Jump.uasset" 787
"D:/Unreal engine hry/MyUnrealProject/Content/Input/Actions/IA_Jump.uexp" 788
"D:/Unreal engine hry/MyUnrealProject/Content/Input/Actions/IA_Look.uasset" 789
"D:/Unreal engine hry/MyUnrealProject/Content/Input/Actions/IA_Look.uexp" 790
"D:/Unreal engine hry/MyUnrealProject/Content/Input/Actions/IA_Move.uasset" 791
"D:/Unreal engine hry/MyUnrealProject/Content/Input/Actions/IA_Move.uexp" 792
"D:/Unreal engine hry/MyUnrealProject/Content/Input/Actions/IA_MouseLook.uasset" 793
"D:/Unreal engine hry/MyUnrealProject/Content/Input/Actions/IA_MouseLook.uexp" 794
"../../../Engine/Plugins/Animation/ControlRig/Content/Controls/DefaultGizmoLibraryNormalized.uasset" 795
"../../../Engine/Plugins/Animation/ControlRig/Content/Controls/DefaultGizmoLibraryNormalized.uexp" 796
"D:/Unreal engine hry/MyUnrealProject/Content/FirstPerson/Anims/CtrlRig_FPWarp.uasset" 797
"D:/Unreal engine hry/MyUnrealProject/Content/FirstPerson/Anims/CtrlRig_FPWarp.uexp" 798
"D:/Unreal engine hry/MyUnrealProject/Content/Characters/Mannequins/Meshes/SK_Mannequin.uasset" 799
"D:/Unreal engine hry/MyUnrealProject/Content/Characters/Mannequins/Meshes/SK_Mannequin.uexp" 800
"D:/Unreal engine hry/MyUnrealProject/Content/FirstPerson/Anims/ABP_FP_Copy.uasset" 801
"D:/Unreal engine hry/MyUnrealProject/Content/FirstPerson/Anims/ABP_FP_Copy.uexp" 802
"D:/Unreal engine hry/MyUnrealProject/Content/Characters/Mannequins/Rigs/PA_Mannequin.uasset" 803
"D:/Unreal engine hry/MyUnrealProject/Content/Characters/Mannequins/Rigs/PA_Mannequin.uexp" 804
"D:/Unreal engine hry/MyUnrealProject/Content/Characters/Mannequins/Textures/Manny/T_Manny_01_BN.ubulk" 805
"D:/Unreal engine hry/MyUnrealProject/Content/Characters/Mannequins/Textures/Manny/T_Manny_01_BN.uasset" 806
"D:/Unreal engine hry/MyUnrealProject/Content/Characters/Mannequins/Textures/Manny/T_Manny_01_BN.uexp" 807
"D:/Unreal engine hry/MyUnrealProject/Content/Characters/Mannequins/Textures/Manny/T_Manny_01_D.ubulk" 808
"D:/Unreal engine hry/MyUnrealProject/Content/Characters/Mannequins/Textures/Manny/T_Manny_01_D.uasset" 809
"D:/Unreal engine hry/MyUnrealProject/Content/Characters/Mannequins/Textures/Manny/T_Manny_01_D.uexp" 810
"D:/Unreal engine hry/MyUnrealProject/Content/Characters/Mannequins/Textures/Manny/T_Manny_01_MRA.ubulk" 811
"D:/Unreal engine hry/MyUnrealProject/Content/Characters/Mannequins/Textures/Manny/T_Manny_01_MRA.uasset" 812
"D:/Unreal engine hry/MyUnrealProject/Content/Characters/Mannequins/Textures/Manny/T_Manny_01_MRA.uexp" 813
"D:/Unreal engine hry/MyUnrealProject/Content/Characters/Mannequins/Textures/Shared/T_UE_Logo_M.uasset" 814
"D:/Unreal engine hry/MyUnrealProject/Content/Characters/Mannequins/Textures/Shared/T_UE_Logo_M.uexp" 815
"D:/Unreal engine hry/MyUnrealProject/Content/Characters/Mannequins/Materials/M_Mannequin.uasset" 816
"D:/Unreal engine hry/MyUnrealProject/Content/Characters/Mannequins/Materials/M_Mannequin.uexp" 817
"D:/Unreal engine hry/MyUnrealProject/Content/Characters/Mannequins/Materials/Manny/MI_Manny_01_New.uasset" 818
"D:/Unreal engine hry/MyUnrealProject/Content/Characters/Mannequins/Materials/Manny/MI_Manny_01_New.uexp" 819
"D:/Unreal engine hry/MyUnrealProject/Content/Characters/Mannequins/Textures/Manny/T_Manny_02_BN.ubulk" 820
"D:/Unreal engine hry/MyUnrealProject/Content/Characters/Mannequins/Textures/Manny/T_Manny_02_BN.uasset" 821
"D:/Unreal engine hry/MyUnrealProject/Content/Characters/Mannequins/Textures/Manny/T_Manny_02_BN.uexp" 822
"D:/Unreal engine hry/MyUnrealProject/Content/Characters/Mannequins/Textures/Manny/T_Manny_02_D.ubulk" 823
"D:/Unreal engine hry/MyUnrealProject/Content/Characters/Mannequins/Textures/Manny/T_Manny_02_D.uasset" 824
"D:/Unreal engine hry/MyUnrealProject/Content/Characters/Mannequins/Textures/Manny/T_Manny_02_D.uexp" 825
"D:/Unreal engine hry/MyUnrealProject/Content/Characters/Mannequins/Textures/Manny/T_Manny_02_MRA.ubulk" 826
"D:/Unreal engine hry/MyUnrealProject/Content/Characters/Mannequins/Textures/Manny/T_Manny_02_MRA.uasset" 827
"D:/Unreal engine hry/MyUnrealProject/Content/Characters/Mannequins/Textures/Manny/T_Manny_02_MRA.uexp" 828
"D:/Unreal engine hry/MyUnrealProject/Content/Characters/Mannequins/Materials/Manny/MI_Manny_02_New.uasset" 829
"D:/Unreal engine hry/MyUnrealProject/Content/Characters/Mannequins/Materials/Manny/MI_Manny_02_New.uexp" 830
"D:/Unreal engine hry/MyUnrealProject/Content/Characters/Mannequins/Meshes/SKM_Manny_Simple.uasset" 831
"D:/Unreal engine hry/MyUnrealProject/Content/Characters/Mannequins/Meshes/SKM_Manny_Simple.uexp" 832
"D:/Unreal engine hry/MyUnrealProject/Content/Input/Touch/BPI_TouchInterface.uasset" 833
"D:/Unreal engine hry/MyUnrealProject/Content/Input/Touch/BPI_TouchInterface.uexp" 834
"../../../Engine/Content/Animation/DefaultAnimBoneCompressionSettings.uasset" 835
"../../../Engine/Content/Animation/DefaultAnimBoneCompressionSettings.uexp" 836
"../../../Engine/Content/Animation/DefaultAnimCurveCompressionSettings.uasset" 837
"../../../Engine/Content/Animation/DefaultAnimCurveCompressionSettings.uexp" 838
"../../../Engine/Content/Animation/DefaultVariableFrameStrippingSettings.uasset" 839
"../../../Engine/Content/Animation/DefaultVariableFrameStrippingSettings.uexp" 840
"D:/Unreal engine hry/MyUnrealProject/Content/Characters/Mannequins/Anims/Unarmed/MM_Idle.uasset" 841
"D:/Unreal engine hry/MyUnrealProject/Content/Characters/Mannequins/Anims/Unarmed/MM_Idle.uexp" 842
"D:/Unreal engine hry/MyUnrealProject/Content/Characters/Mannequins/Anims/Unarmed/Jog/MF_Unarmed_Jog_Bwd.uasset" 843
"D:/Unreal engine hry/MyUnrealProject/Content/Characters/Mannequins/Anims/Unarmed/Jog/MF_Unarmed_Jog_Bwd.uexp" 844
"../../../Engine/Plugins/Animation/ACLPlugin/Content/ACLAnimCurveCompressionSettings.uasset" 845
"../../../Engine/Plugins/Animation/ACLPlugin/Content/ACLAnimCurveCompressionSettings.uexp" 846
"../../../Engine/Content/Animation/DefaultRecorderBoneCompression.uasset" 847
"../../../Engine/Content/Animation/DefaultRecorderBoneCompression.uexp" 848
"D:/Unreal engine hry/MyUnrealProject/Content/Characters/Mannequins/Anims/Unarmed/Jog/MF_Unarmed_Jog_Bwd_Left.uasset" 849
"D:/Unreal engine hry/MyUnrealProject/Content/Characters/Mannequins/Anims/Unarmed/Jog/MF_Unarmed_Jog_Bwd_Left.uexp" 850
"D:/Unreal engine hry/MyUnrealProject/Content/Characters/Mannequins/Anims/Unarmed/Jog/MF_Unarmed_Jog_Bwd_Right.uasset" 851
"D:/Unreal engine hry/MyUnrealProject/Content/Characters/Mannequins/Anims/Unarmed/Jog/MF_Unarmed_Jog_Bwd_Right.uexp" 852
"D:/Unreal engine hry/MyUnrealProject/Content/Characters/Mannequins/Anims/Unarmed/Jog/MF_Unarmed_Jog_Fwd.uasset" 853
"D:/Unreal engine hry/MyUnrealProject/Content/Characters/Mannequins/Anims/Unarmed/Jog/MF_Unarmed_Jog_Fwd.uexp" 854
"D:/Unreal engine hry/MyUnrealProject/Content/Characters/Mannequins/Anims/Unarmed/Jog/MF_Unarmed_Jog_Fwd_Left.uasset" 855
"D:/Unreal engine hry/MyUnrealProject/Content/Characters/Mannequins/Anims/Unarmed/Jog/MF_Unarmed_Jog_Fwd_Left.uexp" 856
"D:/Unreal engine hry/MyUnrealProject/Content/Characters/Mannequins/Anims/Unarmed/Jog/MF_Unarmed_Jog_Fwd_Right.uasset" 857
"D:/Unreal engine hry/MyUnrealProject/Content/Characters/Mannequins/Anims/Unarmed/Jog/MF_Unarmed_Jog_Fwd_Right.uexp" 858
"D:/Unreal engine hry/MyUnrealProject/Content/Characters/Mannequins/Anims/Unarmed/Jog/MF_Unarmed_Jog_Left.uasset" 859
"D:/Unreal engine hry/MyUnrealProject/Content/Characters/Mannequins/Anims/Unarmed/Jog/MF_Unarmed_Jog_Left.uexp" 860
"D:/Unreal engine hry/MyUnrealProject/Content/Characters/Mannequins/Anims/Unarmed/Jog/MF_Unarmed_Jog_Right.uasset" 861
"D:/Unreal engine hry/MyUnrealProject/Content/Characters/Mannequins/Anims/Unarmed/Jog/MF_Unarmed_Jog_Right.uexp" 862
"D:/Unreal engine hry/MyUnrealProject/Content/Characters/Mannequins/Anims/Unarmed/Walk/MF_Unarmed_Walk_Bwd.uasset" 863
"D:/Unreal engine hry/MyUnrealProject/Content/Characters/Mannequins/Anims/Unarmed/Walk/MF_Unarmed_Walk_Bwd.uexp" 864
"D:/Unreal engine hry/MyUnrealProject/Content/Characters/Mannequins/Anims/Unarmed/Walk/MF_Unarmed_Walk_Bwd_Left.uasset" 865
"D:/Unreal engine hry/MyUnrealProject/Content/Characters/Mannequins/Anims/Unarmed/Walk/MF_Unarmed_Walk_Bwd_Left.uexp" 866
"D:/Unreal engine hry/MyUnrealProject/Content/Characters/Mannequins/Anims/Unarmed/Walk/MF_Unarmed_Walk_Bwd_Right.uasset" 867
"D:/Unreal engine hry/MyUnrealProject/Content/Characters/Mannequins/Anims/Unarmed/Walk/MF_Unarmed_Walk_Bwd_Right.uexp" 868
"D:/Unreal engine hry/MyUnrealProject/Content/Characters/Mannequins/Anims/Unarmed/Walk/MF_Unarmed_Walk_Fwd.uasset" 869
"D:/Unreal engine hry/MyUnrealProject/Content/Characters/Mannequins/Anims/Unarmed/Walk/MF_Unarmed_Walk_Fwd.uexp" 870
"D:/Unreal engine hry/MyUnrealProject/Content/Characters/Mannequins/Anims/Unarmed/Walk/MF_Unarmed_Walk_Fwd_Left.uasset" 871
"D:/Unreal engine hry/MyUnrealProject/Content/Characters/Mannequins/Anims/Unarmed/Walk/MF_Unarmed_Walk_Fwd_Left.uexp" 872
"D:/Unreal engine hry/MyUnrealProject/Content/Characters/Mannequins/Anims/Unarmed/Walk/MF_Unarmed_Walk_Fwd_Right.uasset" 873
"D:/Unreal engine hry/MyUnrealProject/Content/Characters/Mannequins/Anims/Unarmed/Walk/MF_Unarmed_Walk_Fwd_Right.uexp" 874
"D:/Unreal engine hry/MyUnrealProject/Content/Characters/Mannequins/Anims/Unarmed/Walk/MF_Unarmed_Walk_Left.uasset" 875
"D:/Unreal engine hry/MyUnrealProject/Content/Characters/Mannequins/Anims/Unarmed/Walk/MF_Unarmed_Walk_Left.uexp" 876
"D:/Unreal engine hry/MyUnrealProject/Content/Characters/Mannequins/Anims/Unarmed/Walk/MF_Unarmed_Walk_Right.uasset" 877
"D:/Unreal engine hry/MyUnrealProject/Content/Characters/Mannequins/Anims/Unarmed/Walk/MF_Unarmed_Walk_Right.uexp" 878
"D:/Unreal engine hry/MyUnrealProject/Content/Characters/Mannequins/Anims/Unarmed/BS_Idle_Walk_Run.uasset" 879
"D:/Unreal engine hry/MyUnrealProject/Content/Characters/Mannequins/Anims/Unarmed/BS_Idle_Walk_Run.uexp" 880
"D:/Unreal engine hry/MyUnrealProject/Content/Characters/Mannequins/Anims/Unarmed/Jump/MM_Fall_Loop.uasset" 881
"D:/Unreal engine hry/MyUnrealProject/Content/Characters/Mannequins/Anims/Unarmed/Jump/MM_Fall_Loop.uexp" 882
"D:/Unreal engine hry/MyUnrealProject/Content/Characters/Mannequins/Anims/Unarmed/Jump/MM_Jump.uasset" 883
"D:/Unreal engine hry/MyUnrealProject/Content/Characters/Mannequins/Anims/Unarmed/Jump/MM_Jump.uexp" 884
"D:/Unreal engine hry/MyUnrealProject/Content/Characters/Mannequins/Anims/Unarmed/Jump/MM_Land.uasset" 885
"D:/Unreal engine hry/MyUnrealProject/Content/Characters/Mannequins/Anims/Unarmed/Jump/MM_Land.uexp" 886
"D:/Unreal engine hry/MyUnrealProject/Content/Characters/Mannequins/Rigs/CR_Mannequin_FootIK.uasset" 887
"D:/Unreal engine hry/MyUnrealProject/Content/Characters/Mannequins/Rigs/CR_Mannequin_FootIK.uexp" 888
"D:/Unreal engine hry/MyUnrealProject/Content/Characters/Mannequins/Anims/Unarmed/ABP_Unarmed.uasset" 889
"D:/Unreal engine hry/MyUnrealProject/Content/Characters/Mannequins/Anims/Unarmed/ABP_Unarmed.uexp" 890
"D:/Unreal engine hry/MyUnrealProject/Content/FirstPerson/Blueprints/BP_FirstPersonCharacter.uasset" 891
"D:/Unreal engine hry/MyUnrealProject/Content/FirstPerson/Blueprints/BP_FirstPersonCharacter.uexp" 892
"D:/Unreal engine hry/MyUnrealProject/Content/Input/IMC_Default.uasset" 893
"D:/Unreal engine hry/MyUnrealProject/Content/Input/IMC_Default.uexp" 894
"D:/Unreal engine hry/MyUnrealProject/Content/Input/IMC_MouseLook.uasset" 895
"D:/Unreal engine hry/MyUnrealProject/Content/Input/IMC_MouseLook.uexp" 896
"../../../Engine/Content/MobileResources/HUD/VirtualJoystick_Thumb.uasset" 897
"../../../Engine/Content/MobileResources/HUD/VirtualJoystick_Thumb.uexp" 898
"../../../Engine/Content/MobileResources/HUD/VirtualJoystick_Background.uasset" 899
"../../../Engine/Content/MobileResources/HUD/VirtualJoystick_Background.uexp" 900
"D:/Unreal engine hry/MyUnrealProject/Content/Input/Touch/UI_Thumbstick.uasset" 901
"D:/Unreal engine hry/MyUnrealProject/Content/Input/Touch/UI_Thumbstick.uexp" 902
"D:/Unreal engine hry/MyUnrealProject/Content/Input/Touch/UI_TouchSimple.uasset" 903
"D:/Unreal engine hry/MyUnrealProject/Content/Input/Touch/UI_TouchSimple.uexp" 904
"D:/Unreal engine hry/MyUnrealProject/Content/FirstPerson/Blueprints/BP_FirstPersonPlayerController.uasset" 905
"D:/Unreal engine hry/MyUnrealProject/Content/FirstPerson/Blueprints/BP_FirstPersonPlayerController.uexp" 906
"D:/Unreal engine hry/MyUnrealProject/Content/FirstPerson/Blueprints/BP_FirstPersonGameMode.uasset" 907
"D:/Unreal engine hry/MyUnrealProject/Content/FirstPerson/Blueprints/BP_FirstPersonGameMode.uexp" 908
"../../../Engine/Content/Functions/Engine_MaterialFunctions01/Texturing/FlattenNormal.uasset" 909
"../../../Engine/Content/Functions/Engine_MaterialFunctions01/Texturing/FlattenNormal.uexp" 910
"../../../Engine/Plugins/Interchange/Assets/Content/Utilities/New_LUT.uasset" 911
"../../../Engine/Plugins/Interchange/Assets/Content/Utilities/New_LUT.uexp" 912
"../../../Engine/Content/Functions/Engine_MaterialFunctions03/Math/RemapValueRange.uasset" 913
"../../../Engine/Content/Functions/Engine_MaterialFunctions03/Math/RemapValueRange.uexp" 914
"../../../Engine/Plugins/Interchange/Assets/Content/Functions/MF_Iridescence.uasset" 915
"../../../Engine/Plugins/Interchange/Assets/Content/Functions/MF_Iridescence.uexp" 916
"../../../Engine/Plugins/Interchange/Assets/Content/gltf/Textures/T_White_srgb.uasset" 917
"../../../Engine/Plugins/Interchange/Assets/Content/gltf/Textures/T_White_srgb.uexp" 918
"../../../Engine/Plugins/Interchange/Assets/Content/gltf/MaterialFunctions/MF_BaseColor.uasset" 919
"../../../Engine/Plugins/Interchange/Assets/Content/gltf/MaterialFunctions/MF_BaseColor.uexp" 920
"../../../Engine/Plugins/Interchange/Assets/Content/gltf/MaterialFunctions/MF_RotateNormals_TS.uasset" 921
"../../../Engine/Plugins/Interchange/Assets/Content/gltf/MaterialFunctions/MF_RotateNormals_TS.uexp" 922
"../../../Engine/Plugins/Interchange/Assets/Content/gltf/Textures/T_Generic_N.uasset" 923
"../../../Engine/Plugins/Interchange/Assets/Content/gltf/Textures/T_Generic_N.uexp" 924
"../../../Engine/Plugins/Interchange/Assets/Content/gltf/Textures/T_White_Linear.uasset" 925
"../../../Engine/Plugins/Interchange/Assets/Content/gltf/Textures/T_White_Linear.uexp" 926
"../../../Engine/Plugins/Interchange/Assets/Content/gltf/MaterialFunctions/MF_Clearcoat.uasset" 927
"../../../Engine/Plugins/Interchange/Assets/Content/gltf/MaterialFunctions/MF_Clearcoat.uexp" 928
"../../../Engine/Plugins/Interchange/Assets/Content/gltf/MaterialFunctions/MF_Emissive.uasset" 929
"../../../Engine/Plugins/Interchange/Assets/Content/gltf/MaterialFunctions/MF_Emissive.uexp" 930
"../../../Engine/Plugins/Interchange/Assets/Content/gltf/MaterialFunctions/MF_IOR.uasset" 931
"../../../Engine/Plugins/Interchange/Assets/Content/gltf/MaterialFunctions/MF_IOR.uexp" 932
"../../../Engine/Plugins/Interchange/Assets/Content/gltf/MaterialFunctions/MF_Iridescence.uasset" 933
"../../../Engine/Plugins/Interchange/Assets/Content/gltf/MaterialFunctions/MF_Iridescence.uexp" 934
"../../../Engine/Plugins/Interchange/Assets/Content/gltf/MaterialFunctions/MF_MetallicRoughness.uasset" 935
"../../../Engine/Plugins/Interchange/Assets/Content/gltf/MaterialFunctions/MF_MetallicRoughness.uexp" 936
"../../../Engine/Plugins/Interchange/Assets/Content/gltf/MaterialFunctions/MF_ScaleNormal.uasset" 937
"../../../Engine/Plugins/Interchange/Assets/Content/gltf/MaterialFunctions/MF_ScaleNormal.uexp" 938
"../../../Engine/Plugins/Interchange/Assets/Content/gltf/MaterialFunctions/MF_Normals.uasset" 939
"../../../Engine/Plugins/Interchange/Assets/Content/gltf/MaterialFunctions/MF_Normals.uexp" 940
"../../../Engine/Plugins/Interchange/Assets/Content/gltf/MaterialFunctions/MF_Occlusion.uasset" 941
"../../../Engine/Plugins/Interchange/Assets/Content/gltf/MaterialFunctions/MF_Occlusion.uexp" 942
"../../../Engine/Plugins/Interchange/Assets/Content/gltf/MaterialFunctions/MF_Specular.uasset" 943
"../../../Engine/Plugins/Interchange/Assets/Content/gltf/MaterialFunctions/MF_Specular.uexp" 944
"../../../Engine/Plugins/Interchange/Assets/Content/gltf/Textures/T_Anisotropy_Direction_Linear.uasset" 945
"../../../Engine/Plugins/Interchange/Assets/Content/gltf/Textures/T_Anisotropy_Direction_Linear.uexp" 946
"../../../Engine/Plugins/Interchange/Assets/Content/gltf/MaterialFunctions/MF_SpecularAnisotropy.uasset" 947
"../../../Engine/Plugins/Interchange/Assets/Content/gltf/MaterialFunctions/MF_SpecularAnisotropy.uexp" 948
"../../../Engine/Plugins/Interchange/Assets/Content/gltf/MaterialFunctions/MF_RotateV2.uasset" 949
"../../../Engine/Plugins/Interchange/Assets/Content/gltf/MaterialFunctions/MF_RotateV2.uexp" 950
"../../../Engine/Plugins/Interchange/Assets/Content/gltf/MaterialFunctions/MF_TransformUVs.uasset" 951
"../../../Engine/Plugins/Interchange/Assets/Content/gltf/MaterialFunctions/MF_TransformUVs.uexp" 952
"../../../Engine/Plugins/Interchange/Assets/Content/gltf/MaterialBodies/MF_ClearCoat_Body.uasset" 953
"../../../Engine/Plugins/Interchange/Assets/Content/gltf/MaterialBodies/MF_ClearCoat_Body.uexp" 954
"../../../Engine/Plugins/Interchange/Assets/Content/gltf/M_ClearCoat.uasset" 955
"../../../Engine/Plugins/Interchange/Assets/Content/gltf/M_ClearCoat.uexp" 956
"../../../Engine/Plugins/Interchange/Assets/Content/gltf/MaterialInstances/MI_ClearCoat_Blend.uasset" 957
"../../../Engine/Plugins/Interchange/Assets/Content/gltf/MaterialInstances/MI_ClearCoat_Blend.uexp" 958
"../../../Engine/Plugins/Interchange/Assets/Content/gltf/MaterialInstances/MI_ClearCoat_Blend_DS.uasset" 959
"../../../Engine/Plugins/Interchange/Assets/Content/gltf/MaterialInstances/MI_ClearCoat_Blend_DS.uexp" 960
"../../../Engine/Plugins/Interchange/Assets/Content/gltf/MaterialInstances/MI_ClearCoat_Mask.uasset" 961
"../../../Engine/Plugins/Interchange/Assets/Content/gltf/MaterialInstances/MI_ClearCoat_Mask.uexp" 962
"../../../Engine/Plugins/Interchange/Assets/Content/gltf/MaterialInstances/MI_ClearCoat_Mask_DS.uasset" 963
"../../../Engine/Plugins/Interchange/Assets/Content/gltf/MaterialInstances/MI_ClearCoat_Mask_DS.uexp" 964
"../../../Engine/Plugins/Interchange/Assets/Content/gltf/MaterialInstances/MI_ClearCoat_Opaque.uasset" 965
"../../../Engine/Plugins/Interchange/Assets/Content/gltf/MaterialInstances/MI_ClearCoat_Opaque.uexp" 966
"../../../Engine/Plugins/Interchange/Assets/Content/gltf/MaterialInstances/MI_ClearCoat_Opaque_DS.uasset" 967
"../../../Engine/Plugins/Interchange/Assets/Content/gltf/MaterialInstances/MI_ClearCoat_Opaque_DS.uexp" 968
"../../../Engine/Plugins/Interchange/Assets/Content/gltf/MaterialBodies/MF_Default_Body.uasset" 969
"../../../Engine/Plugins/Interchange/Assets/Content/gltf/MaterialBodies/MF_Default_Body.uexp" 970
"../../../Engine/Plugins/Interchange/Assets/Content/gltf/M_Default.uasset" 971
"../../../Engine/Plugins/Interchange/Assets/Content/gltf/M_Default.uexp" 972
"../../../Engine/Plugins/Interchange/Assets/Content/gltf/MaterialInstances/MI_Default_Blend.uasset" 973
"../../../Engine/Plugins/Interchange/Assets/Content/gltf/MaterialInstances/MI_Default_Blend.uexp" 974
"../../../Engine/Plugins/Interchange/Assets/Content/gltf/MaterialInstances/MI_Default_Blend_DS.uasset" 975
"../../../Engine/Plugins/Interchange/Assets/Content/gltf/MaterialInstances/MI_Default_Blend_DS.uexp" 976
"../../../Engine/Plugins/Interchange/Assets/Content/gltf/MaterialInstances/MI_Default_Mask.uasset" 977
"../../../Engine/Plugins/Interchange/Assets/Content/gltf/MaterialInstances/MI_Default_Mask.uexp" 978
"../../../Engine/Plugins/Interchange/Assets/Content/gltf/MaterialInstances/MI_Default_Mask_DS.uasset" 979
"../../../Engine/Plugins/Interchange/Assets/Content/gltf/MaterialInstances/MI_Default_Mask_DS.uexp" 980
"../../../Engine/Plugins/Interchange/Assets/Content/gltf/MaterialInstances/MI_Default_Opaque.uasset" 981
"../../../Engine/Plugins/Interchange/Assets/Content/gltf/MaterialInstances/MI_Default_Opaque.uexp" 982
"../../../Engine/Plugins/Interchange/Assets/Content/gltf/MaterialInstances/MI_Default_Opaque_DS.uasset" 983
"../../../Engine/Plugins/Interchange/Assets/Content/gltf/MaterialInstances/MI_Default_Opaque_DS.uexp" 984
"../../../Engine/Plugins/Interchange/Assets/Content/gltf/MaterialFunctions/MF_Sheen.uasset" 985
"../../../Engine/Plugins/Interchange/Assets/Content/gltf/MaterialFunctions/MF_Sheen.uexp" 986
"../../../Engine/Plugins/Interchange/Assets/Content/gltf/MaterialBodies/MF_Sheen_Body.uasset" 987
"../../../Engine/Plugins/Interchange/Assets/Content/gltf/MaterialBodies/MF_Sheen_Body.uexp" 988
"../../../Engine/Plugins/Interchange/Assets/Content/gltf/M_Sheen.uasset" 989
"../../../Engine/Plugins/Interchange/Assets/Content/gltf/M_Sheen.uexp" 990
"../../../Engine/Plugins/Interchange/Assets/Content/gltf/MaterialInstances/MI_Sheen_Blend.uasset" 991
"../../../Engine/Plugins/Interchange/Assets/Content/gltf/MaterialInstances/MI_Sheen_Blend.uexp" 992
"../../../Engine/Plugins/Interchange/Assets/Content/gltf/MaterialInstances/MI_Sheen_Blend_DS.uasset" 993
"../../../Engine/Plugins/Interchange/Assets/Content/gltf/MaterialInstances/MI_Sheen_Blend_DS.uexp" 994
"../../../Engine/Plugins/Interchange/Assets/Content/gltf/MaterialInstances/MI_Sheen_Mask.uasset" 995
"../../../Engine/Plugins/Interchange/Assets/Content/gltf/MaterialInstances/MI_Sheen_Mask.uexp" 996
"../../../Engine/Plugins/Interchange/Assets/Content/gltf/MaterialInstances/MI_Sheen_Mask_DS.uasset" 997
"../../../Engine/Plugins/Interchange/Assets/Content/gltf/MaterialInstances/MI_Sheen_Mask_DS.uexp" 998
"../../../Engine/Plugins/Interchange/Assets/Content/gltf/MaterialInstances/MI_Sheen_Opaque.uasset" 999
"../../../Engine/Plugins/Interchange/Assets/Content/gltf/MaterialInstances/MI_Sheen_Opaque.uexp" 1000
"../../../Engine/Plugins/Interchange/Assets/Content/gltf/MaterialInstances/MI_Sheen_Opaque_DS.uasset" 1001
"../../../Engine/Plugins/Interchange/Assets/Content/gltf/MaterialInstances/MI_Sheen_Opaque_DS.uexp" 1002
"../../../Engine/Plugins/Interchange/Assets/Content/gltf/MaterialFunctions/MF_DiffuseSpecGloss.uasset" 1003
"../../../Engine/Plugins/Interchange/Assets/Content/gltf/MaterialFunctions/MF_DiffuseSpecGloss.uexp" 1004
"../../../Engine/Plugins/Interchange/Assets/Content/gltf/MaterialFunctions/MF_MaxComponentValue.uasset" 1005
"../../../Engine/Plugins/Interchange/Assets/Content/gltf/MaterialFunctions/MF_MaxComponentValue.uexp" 1006
"../../../Engine/Content/Functions/Engine_MaterialFunctions02/Math/AddComponents.uasset" 1007
"../../../Engine/Content/Functions/Engine_MaterialFunctions02/Math/AddComponents.uexp" 1008
"../../../Engine/Plugins/Interchange/Assets/Content/gltf/MaterialFunctions/MF_PerceivedBrightness.uasset" 1009
"../../../Engine/Plugins/Interchange/Assets/Content/gltf/MaterialFunctions/MF_PerceivedBrightness.uexp" 1010
"../../../Engine/Plugins/Interchange/Assets/Content/gltf/MaterialFunctions/MF_SpecGlossToMetalRoughness.uasset" 1011
"../../../Engine/Plugins/Interchange/Assets/Content/gltf/MaterialFunctions/MF_SpecGlossToMetalRoughness.uexp" 1012
"../../../Engine/Plugins/Interchange/Assets/Content/gltf/MaterialBodies/MF_SpecularGlossiness_Body.uasset" 1013
"../../../Engine/Plugins/Interchange/Assets/Content/gltf/MaterialBodies/MF_SpecularGlossiness_Body.uexp" 1014
"../../../Engine/Plugins/Interchange/Assets/Content/gltf/M_SpecularGlossiness.uasset" 1015
"../../../Engine/Plugins/Interchange/Assets/Content/gltf/M_SpecularGlossiness.uexp" 1016
"../../../Engine/Plugins/Interchange/Assets/Content/gltf/MaterialInstances/MI_SpecularGlossiness_Blend.uasset" 1017
"../../../Engine/Plugins/Interchange/Assets/Content/gltf/MaterialInstances/MI_SpecularGlossiness_Blend.uexp" 1018
"../../../Engine/Plugins/Interchange/Assets/Content/gltf/MaterialInstances/MI_SpecularGlossiness_Blend_DS.uasset" 1019
"../../../Engine/Plugins/Interchange/Assets/Content/gltf/MaterialInstances/MI_SpecularGlossiness_Blend_DS.uexp" 1020
"../../../Engine/Plugins/Interchange/Assets/Content/gltf/MaterialInstances/MI_SpecularGlossiness_Mask.uasset" 1021
"../../../Engine/Plugins/Interchange/Assets/Content/gltf/MaterialInstances/MI_SpecularGlossiness_Mask.uexp" 1022
"../../../Engine/Plugins/Interchange/Assets/Content/gltf/MaterialInstances/MI_SpecularGlossiness_Mask_DS.uasset" 1023
"../../../Engine/Plugins/Interchange/Assets/Content/gltf/MaterialInstances/MI_SpecularGlossiness_Mask_DS.uexp" 1024
"../../../Engine/Plugins/Interchange/Assets/Content/gltf/MaterialInstances/MI_SpecularGlossiness_Opaque.uasset" 1025
"../../../Engine/Plugins/Interchange/Assets/Content/gltf/MaterialInstances/MI_SpecularGlossiness_Opaque.uexp" 1026
"../../../Engine/Plugins/Interchange/Assets/Content/gltf/MaterialInstances/MI_SpecularGlossiness_Opaque_DS.uasset" 1027
"../../../Engine/Plugins/Interchange/Assets/Content/gltf/MaterialInstances/MI_SpecularGlossiness_Opaque_DS.uexp" 1028
"../../../Engine/Content/EngineMaterials/Good64x64TilingNoiseHighFreq.uasset" 1029
"../../../Engine/Content/EngineMaterials/Good64x64TilingNoiseHighFreq.uexp" 1030
"../../../Engine/Content/Functions/Engine_MaterialFunctions02/Texturing/ScreenAlignedPixelToPixelUVs.uasset" 1031
"../../../Engine/Content/Functions/Engine_MaterialFunctions02/Texturing/ScreenAlignedPixelToPixelUVs.uexp" 1032
"../../../Engine/Plugins/Interchange/Assets/Content/gltf/MaterialFunctions/MF_Fresnel_DS.uasset" 1033
"../../../Engine/Plugins/Interchange/Assets/Content/gltf/MaterialFunctions/MF_Fresnel_DS.uexp" 1034
"../../../Engine/Plugins/Interchange/Assets/Content/gltf/MaterialFunctions/MF_Temporal_Blur.uasset" 1035
"../../../Engine/Plugins/Interchange/Assets/Content/gltf/MaterialFunctions/MF_Temporal_Blur.uexp" 1036
"../../../Engine/Plugins/Interchange/Assets/Content/gltf/MaterialFunctions/MF_Transmission.uasset" 1037
"../../../Engine/Plugins/Interchange/Assets/Content/gltf/MaterialFunctions/MF_Transmission.uexp" 1038
"../../../Engine/Plugins/Interchange/Assets/Content/gltf/MaterialBodies/MF_Transmission_Body.uasset" 1039
"../../../Engine/Plugins/Interchange/Assets/Content/gltf/MaterialBodies/MF_Transmission_Body.uexp" 1040
"../../../Engine/Plugins/Interchange/Assets/Content/gltf/M_Transmission.uasset" 1041
"../../../Engine/Plugins/Interchange/Assets/Content/gltf/M_Transmission.uexp" 1042
"../../../Engine/Plugins/Interchange/Assets/Content/gltf/MaterialInstances/MI_Transmission.uasset" 1043
"../../../Engine/Plugins/Interchange/Assets/Content/gltf/MaterialInstances/MI_Transmission.uexp" 1044
"../../../Engine/Plugins/Interchange/Assets/Content/gltf/MaterialInstances/MI_Transmission_DS.uasset" 1045
"../../../Engine/Plugins/Interchange/Assets/Content/gltf/MaterialInstances/MI_Transmission_DS.uexp" 1046
"../../../Engine/Plugins/Interchange/Assets/Content/gltf/MaterialBodies/MF_Unlit_Body.uasset" 1047
"../../../Engine/Plugins/Interchange/Assets/Content/gltf/MaterialBodies/MF_Unlit_Body.uexp" 1048
"../../../Engine/Plugins/Interchange/Assets/Content/gltf/M_Unlit.uasset" 1049
"../../../Engine/Plugins/Interchange/Assets/Content/gltf/M_Unlit.uexp" 1050
"../../../Engine/Plugins/Interchange/Assets/Content/gltf/MaterialInstances/MI_Unlit_Blend.uasset" 1051
"../../../Engine/Plugins/Interchange/Assets/Content/gltf/MaterialInstances/MI_Unlit_Blend.uexp" 1052
"../../../Engine/Plugins/Interchange/Assets/Content/gltf/MaterialInstances/MI_Unlit_Blend_DS.uasset" 1053
"../../../Engine/Plugins/Interchange/Assets/Content/gltf/MaterialInstances/MI_Unlit_Blend_DS.uexp" 1054
"../../../Engine/Plugins/Interchange/Assets/Content/gltf/MaterialInstances/MI_Unlit_Mask.uasset" 1055
"../../../Engine/Plugins/Interchange/Assets/Content/gltf/MaterialInstances/MI_Unlit_Mask.uexp" 1056
"../../../Engine/Plugins/Interchange/Assets/Content/gltf/MaterialInstances/MI_Unlit_Mask_DS.uasset" 1057
"../../../Engine/Plugins/Interchange/Assets/Content/gltf/MaterialInstances/MI_Unlit_Mask_DS.uexp" 1058
"../../../Engine/Plugins/Interchange/Assets/Content/gltf/MaterialInstances/MI_Unlit_Opaque.uasset" 1059
"../../../Engine/Plugins/Interchange/Assets/Content/gltf/MaterialInstances/MI_Unlit_Opaque.uexp" 1060
"../../../Engine/Plugins/Interchange/Assets/Content/gltf/MaterialInstances/MI_Unlit_Opaque_DS.uasset" 1061
"../../../Engine/Plugins/Interchange/Assets/Content/gltf/MaterialInstances/MI_Unlit_Opaque_DS.uexp" 1062
"../../../Engine/Content/ArtTools/RenderToTexture/Meshes/S_1_Unit_Plane.ubulk" 1063
"../../../Engine/Content/ArtTools/RenderToTexture/Meshes/S_1_Unit_Plane.uasset" 1064
"../../../Engine/Content/ArtTools/RenderToTexture/Meshes/S_1_Unit_Plane.uexp" 1065
"../../../Engine/Content/EngineMaterials/Substrate/GLints/AGlintTex2dArray.uasset" 1066
"../../../Engine/Content/EngineMaterials/Substrate/GLints/AGlintTex2dArray.uexp" 1067
"../../../Engine/Content/EngineMaterials/Substrate/Glints2/AGlintTex2dArray2.uasset" 1068
"../../../Engine/Content/EngineMaterials/Substrate/Glints2/AGlintTex2dArray2.uexp" 1069
"../../../Engine/Content/Functions/Engine_MaterialFunctions01/Shading/ConvertFromDiffSpec.uasset" 1070
"../../../Engine/Content/Functions/Engine_MaterialFunctions01/Shading/ConvertFromDiffSpec.uexp" 1071
"../../../Engine/Content/Functions/Engine_MaterialFunctions01/Shading/PowerToRoughness.uasset" 1072
"../../../Engine/Content/Functions/Engine_MaterialFunctions01/Shading/PowerToRoughness.uexp" 1073
"../../../Engine/Content/EngineMaterials/Substrate/Volume/SubstrateSimpleVolumeEnvLUT3D.uasset" 1074
"../../../Engine/Content/EngineMaterials/Substrate/Volume/SubstrateSimpleVolumeEnvLUT3D.uexp" 1075
"../../../Engine/Content/EngineMaterials/Substrate/Volume/SubstrateSimpleVolumeLUT3D.uasset" 1076
"../../../Engine/Content/EngineMaterials/Substrate/Volume/SubstrateSimpleVolumeLUT3D.uexp" 1077
"../../../Engine/Content/Maps/Entry_BuiltData.uasset" 1078
"../../../Engine/Content/Maps/Entry_BuiltData.uexp" 1079
"../../../Engine/Content/Maps/Entry.uexp" 1080
"../../../Engine/Content/Maps/Entry.umap" 1081
"D:/Unreal engine hry/MyUnrealProject/Content/IntroMap/IntroGameMode.uasset" 1082
"D:/Unreal engine hry/MyUnrealProject/Content/IntroMap/IntroGameMode.uexp" 1083
"D:/Unreal engine hry/MyUnrealProject/Content/Images/KAIRO_Games_logo_png.uasset" 1084
"D:/Unreal engine hry/MyUnrealProject/Content/Images/KAIRO_Games_logo_png.uexp" 1085
"D:/Unreal engine hry/MyUnrealProject/Content/UI/WBP_Intro.uasset" 1086
"D:/Unreal engine hry/MyUnrealProject/Content/UI/WBP_Intro.uexp" 1087
"D:/Unreal engine hry/MyUnrealProject/Content/IntroMap/IntroMap.uexp" 1088
"D:/Unreal engine hry/MyUnrealProject/Content/IntroMap/IntroMap.umap" 1089
